###############################################################################
#
# IAR ELF Linker V8.32.1.169/W32 for ARM                  11/Dec/2018  04:20:31
# Copyright 2007-2018 IAR Systems AB.
#
#    Output file  =  D:\STM32\IUS\IUS\EWARM\IUS\Exe\IUS.out
#    Map file     =  D:\STM32\IUS\IUS\EWARM\IUS\List\IUS.map
#    Command line =  
#        -f C:\Users\Admin\AppData\Local\Temp\EWCBCC.tmp
#        (D:\STM32\IUS\IUS\EWARM\IUS\Obj\api_lib.o
#        D:\STM32\IUS\IUS\EWARM\IUS\Obj\api_msg.o
#        D:\STM32\IUS\IUS\EWARM\IUS\Obj\auth.o
#        D:\STM32\IUS\IUS\EWARM\IUS\Obj\autoip.o
#        D:\STM32\IUS\IUS\EWARM\IUS\Obj\ccp.o
#        D:\STM32\IUS\IUS\EWARM\IUS\Obj\chap-md5.o
#        D:\STM32\IUS\IUS\EWARM\IUS\Obj\chap-new.o
#        D:\STM32\IUS\IUS\EWARM\IUS\Obj\chap_ms.o
#        D:\STM32\IUS\IUS\EWARM\IUS\Obj\def.o
#        D:\STM32\IUS\IUS\EWARM\IUS\Obj\demand.o
#        D:\STM32\IUS\IUS\EWARM\IUS\Obj\dhcp.o
#        D:\STM32\IUS\IUS\EWARM\IUS\Obj\dhcp6.o
#        D:\STM32\IUS\IUS\EWARM\IUS\Obj\dns.o
#        D:\STM32\IUS\IUS\EWARM\IUS\Obj\eap.o
#        D:\STM32\IUS\IUS\EWARM\IUS\Obj\ecp.o
#        D:\STM32\IUS\IUS\EWARM\IUS\Obj\err.o
#        D:\STM32\IUS\IUS\EWARM\IUS\Obj\etharp.o
#        D:\STM32\IUS\IUS\EWARM\IUS\Obj\ethernet.o
#        D:\STM32\IUS\IUS\EWARM\IUS\Obj\ethernetif.o
#        D:\STM32\IUS\IUS\EWARM\IUS\Obj\ethip6.o
#        D:\STM32\IUS\IUS\EWARM\IUS\Obj\eui64.o
#        D:\STM32\IUS\IUS\EWARM\IUS\Obj\fsm.o
#        D:\STM32\IUS\IUS\EWARM\IUS\Obj\icmp.o
#        D:\STM32\IUS\IUS\EWARM\IUS\Obj\icmp6.o
#        D:\STM32\IUS\IUS\EWARM\IUS\Obj\igmp.o
#        D:\STM32\IUS\IUS\EWARM\IUS\Obj\inet6.o
#        D:\STM32\IUS\IUS\EWARM\IUS\Obj\inet_chksum.o
#        D:\STM32\IUS\IUS\EWARM\IUS\Obj\init.o
#        D:\STM32\IUS\IUS\EWARM\IUS\Obj\ip.o
#        D:\STM32\IUS\IUS\EWARM\IUS\Obj\ip4.o
#        D:\STM32\IUS\IUS\EWARM\IUS\Obj\ip4_addr.o
#        D:\STM32\IUS\IUS\EWARM\IUS\Obj\ip4_frag.o
#        D:\STM32\IUS\IUS\EWARM\IUS\Obj\ip6.o
#        D:\STM32\IUS\IUS\EWARM\IUS\Obj\ip6_addr.o
#        D:\STM32\IUS\IUS\EWARM\IUS\Obj\ip6_frag.o
#        D:\STM32\IUS\IUS\EWARM\IUS\Obj\ipcp.o
#        D:\STM32\IUS\IUS\EWARM\IUS\Obj\ipv6cp.o
#        D:\STM32\IUS\IUS\EWARM\IUS\Obj\lcp.o
#        D:\STM32\IUS\IUS\EWARM\IUS\Obj\local_time.o
#        D:\STM32\IUS\IUS\EWARM\IUS\Obj\lowpan6.o
#        D:\STM32\IUS\IUS\EWARM\IUS\Obj\lwip.o
#        D:\STM32\IUS\IUS\EWARM\IUS\Obj\magic.o
#        D:\STM32\IUS\IUS\EWARM\IUS\Obj\main.o
#        D:\STM32\IUS\IUS\EWARM\IUS\Obj\mem.o
#        D:\STM32\IUS\IUS\EWARM\IUS\Obj\memory.o
#        D:\STM32\IUS\IUS\EWARM\IUS\Obj\memp.o
#        D:\STM32\IUS\IUS\EWARM\IUS\Obj\mld6.o
#        D:\STM32\IUS\IUS\EWARM\IUS\Obj\mppe.o
#        D:\STM32\IUS\IUS\EWARM\IUS\Obj\mqtt.o
#        D:\STM32\IUS\IUS\EWARM\IUS\Obj\multilink.o
#        D:\STM32\IUS\IUS\EWARM\IUS\Obj\nd6.o
#        D:\STM32\IUS\IUS\EWARM\IUS\Obj\netbuf.o
#        D:\STM32\IUS\IUS\EWARM\IUS\Obj\netdb.o
#        D:\STM32\IUS\IUS\EWARM\IUS\Obj\netif.o
#        D:\STM32\IUS\IUS\EWARM\IUS\Obj\netifapi.o
#        D:\STM32\IUS\IUS\EWARM\IUS\Obj\networking.o
#        D:\STM32\IUS\IUS\EWARM\IUS\Obj\pbuf.o
#        D:\STM32\IUS\IUS\EWARM\IUS\Obj\ppp.o
#        D:\STM32\IUS\IUS\EWARM\IUS\Obj\pppapi.o
#        D:\STM32\IUS\IUS\EWARM\IUS\Obj\pppcrypt.o
#        D:\STM32\IUS\IUS\EWARM\IUS\Obj\pppoe.o
#        D:\STM32\IUS\IUS\EWARM\IUS\Obj\pppol2tp.o
#        D:\STM32\IUS\IUS\EWARM\IUS\Obj\pppos.o
#        D:\STM32\IUS\IUS\EWARM\IUS\Obj\raw.o
#        D:\STM32\IUS\IUS\EWARM\IUS\Obj\slipif.o
#        D:\STM32\IUS\IUS\EWARM\IUS\Obj\sntp.o
#        D:\STM32\IUS\IUS\EWARM\IUS\Obj\sockets.o
#        D:\STM32\IUS\IUS\EWARM\IUS\Obj\startup_stm32f429xx.o
#        D:\STM32\IUS\IUS\EWARM\IUS\Obj\stats.o
#        D:\STM32\IUS\IUS\EWARM\IUS\Obj\stm32f4xx_hal.o
#        D:\STM32\IUS\IUS\EWARM\IUS\Obj\stm32f4xx_hal_cortex.o
#        D:\STM32\IUS\IUS\EWARM\IUS\Obj\stm32f4xx_hal_dma.o
#        D:\STM32\IUS\IUS\EWARM\IUS\Obj\stm32f4xx_hal_dma_ex.o
#        D:\STM32\IUS\IUS\EWARM\IUS\Obj\stm32f4xx_hal_eth.o
#        D:\STM32\IUS\IUS\EWARM\IUS\Obj\stm32f4xx_hal_flash.o
#        D:\STM32\IUS\IUS\EWARM\IUS\Obj\stm32f4xx_hal_flash_ex.o
#        D:\STM32\IUS\IUS\EWARM\IUS\Obj\stm32f4xx_hal_flash_ramfunc.o
#        D:\STM32\IUS\IUS\EWARM\IUS\Obj\stm32f4xx_hal_gpio.o
#        D:\STM32\IUS\IUS\EWARM\IUS\Obj\stm32f4xx_hal_i2c.o
#        D:\STM32\IUS\IUS\EWARM\IUS\Obj\stm32f4xx_hal_i2c_ex.o
#        D:\STM32\IUS\IUS\EWARM\IUS\Obj\stm32f4xx_hal_msp.o
#        D:\STM32\IUS\IUS\EWARM\IUS\Obj\stm32f4xx_hal_pwr.o
#        D:\STM32\IUS\IUS\EWARM\IUS\Obj\stm32f4xx_hal_pwr_ex.o
#        D:\STM32\IUS\IUS\EWARM\IUS\Obj\stm32f4xx_hal_rcc.o
#        D:\STM32\IUS\IUS\EWARM\IUS\Obj\stm32f4xx_hal_rcc_ex.o
#        D:\STM32\IUS\IUS\EWARM\IUS\Obj\stm32f4xx_hal_tim.o
#        D:\STM32\IUS\IUS\EWARM\IUS\Obj\stm32f4xx_hal_tim_ex.o
#        D:\STM32\IUS\IUS\EWARM\IUS\Obj\stm32f4xx_it.o
#        D:\STM32\IUS\IUS\EWARM\IUS\Obj\sys.o
#        D:\STM32\IUS\IUS\EWARM\IUS\Obj\system_stm32f4xx.o
#        D:\STM32\IUS\IUS\EWARM\IUS\Obj\tcp.o
#        D:\STM32\IUS\IUS\EWARM\IUS\Obj\tcp_in.o
#        D:\STM32\IUS\IUS\EWARM\IUS\Obj\tcp_out.o
#        D:\STM32\IUS\IUS\EWARM\IUS\Obj\tcpip.o
#        D:\STM32\IUS\IUS\EWARM\IUS\Obj\temperature.o
#        D:\STM32\IUS\IUS\EWARM\IUS\Obj\timeouts.o
#        D:\STM32\IUS\IUS\EWARM\IUS\Obj\udp.o
#        D:\STM32\IUS\IUS\EWARM\IUS\Obj\upap.o
#        D:\STM32\IUS\IUS\EWARM\IUS\Obj\utils.o
#        D:\STM32\IUS\IUS\EWARM\IUS\Obj\vj.o --redirect _Printf=_PrintfFull
#        --redirect _Scanf=_ScanfFull --no_out_extension -o
#        D:\STM32\IUS\IUS\EWARM\IUS\Exe\IUS.out --map
#        D:\STM32\IUS\IUS\EWARM\IUS\List\IUS.map --config
#        D:\STM32\IUS\IUS\EWARM/stm32f429xx_flash.icf --semihosting --entry
#        __iar_program_start --vfe --text_out locale)
#
###############################################################################

*******************************************************************************
*** RUNTIME MODEL ATTRIBUTES
***

CppFlavor       = *
__Heap_Handler  = Basic
__SystemLibrary = DLib
__dlib_version  = 6


*******************************************************************************
*** HEAP SELECTION
***

The basic heap was selected because no calls to memory allocation
functions were found in the application outside of system library
functions, and there are calls to deallocation functions in the
application.


*******************************************************************************
*** PLACEMENT SUMMARY
***

"A0":  place at 0x800'0000 { ro section .intvec };
"P1":  place in [from 0x800'0000 to 0x81f'ffff] { ro };
define block CSTACK with size = 1K, alignment = 8 { };
define block HEAP with size = 512, alignment = 8 { };
"P2":  place in [from 0x2000'0000 to 0x2002'ffff] {
          rw, block CSTACK, block HEAP };
initialize by copy { rw };

  Section            Kind         Address     Size  Object
  -------            ----         -------     ----  ------
"A0":                                        0x1ac
  .intvec            ro code   0x800'0000    0x1ac  startup_stm32f429xx.o [1]
                             - 0x800'01ac    0x1ac

"P1":                                       0xfe14
  .text              ro code   0x800'01ac   0x13b4  tcp_in.o [1]
  .text              ro code   0x800'1560    0x174  ip4_addr.o [1]
  .text              ro code   0x800'16d4    0xaa0  pbuf.o [1]
  .text              ro code   0x800'2174     0x5c  def.o [1]
  .text              ro code   0x800'21d0    0xe40  tcp.o [1]
  .text              ro code   0x800'3010    0xf80  tcp_out.o [1]
  .text              ro code   0x800'3f90    0x150  memp.o [1]
  .text              ro code   0x800'40e0    0x1cc  timeouts.o [1]
  .text              ro code   0x800'42ac     0x28  printf.o [2]
  .text              ro code   0x800'42d4    0x408  mem.o [1]
  .text              ro code   0x800'46dc     0x18  ABImemcpy_small.o [4]
  .text              ro code   0x800'46f4      0x6  ABImemclr4.o [4]
  .text              ro code   0x800'46fa     0x7a  lz77_init_single.o [4]
  .text              ro code   0x800'4774    0x308  ip4.o [1]
  .text              ro code   0x800'4a7c    0x446  ethernetif.o [1]
  .text              ro code   0x800'4ec2     0x3a  zero_init3.o [4]
  .text              ro code   0x800'4efc    0xf46  xprintffull.o [2]
  .text              ro code   0x800'5e42     0x26  xencoding_8859_1.o [2]
  .text              ro code   0x800'5e68     0x32  ABImemset48.o [4]
  .text              ro code   0x800'5e9a      0xa  xsprout.o [2]
  .text              ro code   0x800'5ea4    0x7cc  ip4_frag.o [1]
  .text              ro code   0x800'6670    0x3e0  udp.o [1]
  .text              ro code   0x800'6a50    0x1ac  icmp.o [1]
  .text              ro code   0x800'6bfc    0x2c0  netif.o [1]
  .text              ro code   0x800'6ebc    0x1fc  stm32f4xx_hal_gpio.o [1]
  .text              ro code   0x800'70b8    0x894  stm32f4xx_hal_eth.o [1]
  .text              ro code   0x800'794c      0xc  stm32f4xx_hal.o [1]
  .text              ro code   0x800'7958     0xf4  xlocale_c.o [2]
  .text              ro code   0x800'7a4c     0x16  strchr.o [4]
  .text              ro code   0x800'7a64     0x40  xfail_s.o [2]
  .text              ro code   0x800'7aa4     0x14  strlen_small.o [4]
  .text              ro code   0x800'7ab8     0x58  memchr.o [4]
  .text              ro code   0x800'7b10      0xa  xmbcurmax.o [2]
  .text              ro code   0x800'7b1c    0x106  I64DivMod_small.o [4]
  .text              ro code   0x800'7c24    0x1a2  DblMul.o [3]
  .text              ro code   0x800'7dc8     0x70  frexp.o [3]
  .text              ro code   0x800'7e38     0x2e  DblCmpLe.o [3]
  .text              ro code   0x800'7e68     0x2e  DblCmpGe.o [3]
  .text              ro code   0x800'7e98    0x13a  ldexp.o [3]
  .text              ro code   0x800'7fd4     0x3a  DblToS32.o [3]
  .text              ro code   0x800'8010     0x22  S32ToDbl.o [3]
  .text              ro code   0x800'8034     0xe2  DblSub.o [3]
  .text              ro code   0x800'8118    0x246  DblDiv.o [3]
  .text              ro code   0x800'8360     0x28  DblToU32.o [3]
  .text              ro code   0x800'8388     0x1a  U32ToDbl.o [3]
  .text              ro code   0x800'83a4      0x6  ABImemclr.o [4]
  .text              ro code   0x800'83ac    0x7b4  etharp.o [1]
  .text              ro code   0x800'8b60   0x11fc  dhcp.o [1]
  .text              ro code   0x800'9d5c     0x28  stm32f4xx_hal.o [1]
  .text              ro code   0x800'9d84    0x1a0  stm32f4xx_hal_rcc.o [1]
  .text              ro code   0x800'9f24      0x6  abort.o [2]
  .text              ro code   0x800'9f2c      0x2  I64DivZer.o [4]
  .text              ro code   0x800'9f30    0x16a  DblAdd.o [3]
  .text              ro code   0x800'a09c     0x5e  ABImemset.o [4]
  .text              ro code   0x800'a0fc    0x104  ethernet.o [1]
  .text              ro code   0x800'a200    0x7dc  dns.o [1]
  .text              ro code   0x800'a9dc     0xa4  rand.o [2]
  .text              ro code   0x800'aa80     0x40  stm32f4xx_hal.o [1]
  .text              ro code   0x800'aac0     0x14  exit.o [5]
  .text              ro code   0x800'aad4     0x1e  memcmp_small.o [4]
  .text              ro code   0x800'aaf4     0x12  strcmp.o [4]
  .text              ro code   0x800'ab08     0xe2  stm32f4xx_hal_cortex.o [1]
  .text              ro code   0x800'abec     0x80  iarttio.o [5]
  .text              ro code   0x800'ac6c     0x3c  XShttio.o [2]
  .text              ro code   0x800'aca8    0x82a  xgentime.o [2]
  .text              ro code   0x800'b4d2     0x40  xgettime.o [2]
  .text              ro code   0x800'b512     0x86  iar_Stolx.o [2]
  .text              ro code   0x800'b598      0x4  getzone_nop.o [2]
  .text              ro code   0x800'b59c     0x14  isspace.o [2]
  .text              ro code   0x800'b5b0    0x140  iar_Stoulx.o [2]
  .text              ro code   0x800'b6f0     0x14  tolower.o [2]
  .text              ro code   0x800'b704    0x7c6  stm32f4xx_hal_i2c.o [1]
  .text              ro code   0x800'becc    0x11c  stm32f4xx_hal_msp.o [1]
  .text              ro code   0x800'bfe8    0x3e0  temperature.o [1]
  .text              ro code   0x800'c3c8     0x18  local_time.o [1]
  .text              ro code   0x800'c3e0     0x1a  localtim.o [2]
  .text              ro code   0x800'c3fa     0x20  strftime.o [2]
  .text              ro code   0x800'c41c     0x48  FltToDbl.o [3]
  .text              ro code   0x800'c464     0x40  sprintf.o [2]
  .text              ro code   0x800'c4a4     0x68  DblToFlt.o [3]
  .text              ro code   0x800'c50c      0x4  time_trampoline.o [2]
  .text              ro code   0x800'c510      0x4  xTzoff_nop.o [2]
  .text              ro code   0x800'c514    0x104  xttotm.o [2]
  .text              ro code   0x800'c618    0x118  xstrftim.o [2]
  .text              ro code   0x800'c730     0x12  time.o [5]
  .text              ro code   0x800'c742      0x6  xisdst_nop.o [2]
  .text              ro code   0x800'c748     0x6c  xDaysTo.o [2]
  .rodata            const     0x800'c7b4    0x3b8  tcp_out.o [1]
  .text              ro code   0x800'cb6c    0x39e  stm32f4xx_hal_tim.o [1]
  .text              ro code   0x800'cf0a      0x2  stm32f4xx_hal_tim.o [1]
  .text              ro code   0x800'cf0c      0x2  stm32f4xx_hal_tim.o [1]
  .text              ro code   0x800'cf0e      0x2  stm32f4xx_hal_tim.o [1]
  .text              ro code   0x800'cf10      0x2  stm32f4xx_hal_tim_ex.o [1]
  .text              ro code   0x800'cf12      0x2  stm32f4xx_hal_tim.o [1]
  .text              ro code   0x800'cf14      0x2  stm32f4xx_hal_tim_ex.o [1]
  .text              ro code   0x800'cf16      0x2  stm32f4xx_hal_tim.o [1]
  .rodata            const     0x800'cf18    0x378  dhcp.o [1]
  .rodata            const     0x800'd290    0x33c  tcp.o [1]
  .text              ro code   0x800'd5cc    0x2f8  stm32f4xx_hal_rcc.o [1]
  .rodata            const     0x800'd8c4    0x2b0  pbuf.o [1]
  .text              ro code   0x800'db74    0x278  networking.o [1]
  .text              ro code   0x800'ddec    0x254  sntp.o [1]
  .text              ro code   0x800'e040     0x50  memory.o [1]
  .text              ro code   0x800'e090    0x270  main.o [1]
  .text              ro code   0x800'e300     0x34  stm32f4xx_hal.o [1]
  .text              ro code   0x800'e334     0xb8  lwip.o [1]
  .text              ro code   0x800'e3ec     0x4a  stm32f4xx_hal_tim_ex.o [1]
  .text              ro code   0x800'e436     0x26  init.o [1]
  .rodata            const     0x800'e45c    0x230  tcp_in.o [1]
  .rodata            const     0x800'e68c    0x1f4  etharp.o [1]
  .text              ro code   0x800'e880    0x140  heap0.o [2]
  .text              ro code   0x800'e9c0     0x2c  xgetmemchunk.o [2]
  .rodata            const     0x800'e9ec    0x13c  mem.o [1]
  .rodata            const     0x800'eb28    0x104  icmp.o [1]
  .rodata            const     0x800'ec2c     0xf8  memp.o [1]
  .rodata            const     0x800'ed24     0xf4  ip4_frag.o [1]
  .rodata            const     0x800'ee18     0xec  netif.o [1]
  .text              ro code   0x800'ef04     0xd8  xfspos.o [2]
  .text              ro code   0x800'efdc     0xac  fflush.o [2]
  .text              ro code   0x800'f088      0xc  xfgpos.o [2]
  .text              ro code   0x800'f094     0x4a  lseek.o [5]
  .text              ro code   0x800'f0de     0x10  write.o [5]
  .text              ro code   0x800'f0f0     0xcc  XShHandles.o [2]
  .text              ro code   0x800'f1bc     0x1e  dwrite.o [5]
  .text              ro code   0x800'f1da     0x20  iarwstd.o [5]
  .text              ro code   0x800'f1fa     0x22  iarwrite.o [5]
  .rodata            const     0x800'f21c     0xd4  sntp.o [1]
  .text              ro code   0x800'f2f0     0xb4  xfwprep.o [2]
  .text              ro code   0x800'f3a4     0x24  fseek.o [2]
  .rodata            const     0x800'f3c8     0xb0  memp.o [1]
  .rodata            const     0x800'f478     0xac  timeouts.o [1]
  .rodata            const     0x800'f524     0xa0  ethernet.o [1]
  .rodata            const     0x800'f5c4     0x9c  ip4.o [1]
  .rodata            const     0x800'f660     0x98  udp.o [1]
  .text              ro code   0x800'f6f8     0x8c  xfofind.o [2]
  .text              ro code   0x800'f784      0x4  heaptramp0.o [2]
  .rodata            const     0x800'f788     0x88  xlocale_c.o [2]
  .text              ro code   0x800'f810     0x7e  fclose.o [2]
  .text              ro code   0x800'f88e     0x18  close.o [5]
  .text              ro code   0x800'f8a6     0x14  remove.o [5]
  .rodata            const     0x800'f8bc     0x70  ip4_addr.o [1]
  .rodata            const     0x800'f92c     0x68  dns.o [1]
  .text              ro code   0x800'f994     0x60  system_stm32f4xx.o [1]
  .rodata            const     0x800'f9f4     0x58  xlocale_c.o [2]
  .text              ro code   0x800'fa4c     0x54  fputc.o [2]
  .rodata            const     0x800'faa0     0x50  iar_Stoulx.o [2]
  .rodata            const     0x800'faf0     0x4c  ethernetif.o [1]
  .rodata            const     0x800'fb3c     0x4c  xlocale_c.o [2]
  .text              ro code   0x800'fb88     0x3c  xcloseall.o [2]
  .text              ro code   0x800'fbc4     0x34  stm32f4xx_it.o [1]
  .text              ro code   0x800'fbf8     0x10  stm32f4xx_hal.o [1]
  .rodata            const     0x800'fc08     0x30  timeouts.o [1]
  .rodata            const     0x800'fc38     0x30  xlocale_c.o [2]
  .rodata            const     0x800'fc68     0x2c  temperature.o [1]
  .text              ro code   0x800'fc94     0x28  data_init.o [4]
  .text              ro code   0x800'fcbc     0x22  fpinit_M.o [3]
  .iar.init_table    const     0x800'fce0     0x20  - Linker created -
  .text              ro code   0x800'fd00     0x1e  cmain.o [4]
  .text              ro code   0x800'fd1e      0x4  low_level_init.o [2]
  .text              ro code   0x800'fd22      0x4  exit.o [2]
  .text              ro code   0x800'fd28      0xe  cexit.o [4]
  .text              ro code   0x800'fd36     0x16  xprout.o [2]
  .text              ro code   0x800'fd4c      0xc  putchar.o [2]
  .rodata            const     0x800'fd58     0x11  xlocale_c.o [2]
  .text              ro code   0x800'fd6c     0x10  startup_stm32f429xx.o [1]
  .text              ro code   0x800'fd7c      0xc  cstartup_M.o [4]
  .rodata            const     0x800'fd88      0x8  ethernet.o [1]
  .rodata            const     0x800'fd90      0x8  ip4_addr.o [1]
  .rodata            const     0x800'fd98      0x8  system_stm32f4xx.o [1]
  .text              ro code   0x800'fda0      0x4  startup_stm32f429xx.o [1]
  .text              ro code   0x800'fda4      0x4  startup_stm32f429xx.o [1]
  .text              ro code   0x800'fda8      0x4  startup_stm32f429xx.o [1]
  .text              ro code   0x800'fdac      0x4  startup_stm32f429xx.o [1]
  .text              ro code   0x800'fdb0      0x4  startup_stm32f429xx.o [1]
  .text              ro code   0x800'fdb4      0x4  startup_stm32f429xx.o [1]
  .text              ro code   0x800'fdb8      0x4  startup_stm32f429xx.o [1]
  .text              ro code   0x800'fdbc      0x4  startup_stm32f429xx.o [1]
  .text              ro code   0x800'fdc0      0x4  startup_stm32f429xx.o [1]
  .text              ro code   0x800'fdc4      0x4  startup_stm32f429xx.o [1]
  .text              ro code   0x800'fdc8      0x4  startup_stm32f429xx.o [1]
  .text              ro code   0x800'fdcc      0x4  startup_stm32f429xx.o [1]
  .text              ro code   0x800'fdd0      0x4  startup_stm32f429xx.o [1]
  .text              ro code   0x800'fdd4      0x4  startup_stm32f429xx.o [1]
  .text              ro code   0x800'fdd8      0x4  startup_stm32f429xx.o [1]
  .text              ro code   0x800'fddc      0x4  startup_stm32f429xx.o [1]
  .text              ro code   0x800'fde0      0x4  startup_stm32f429xx.o [1]
  .text              ro code   0x800'fde4      0x4  startup_stm32f429xx.o [1]
  .text              ro code   0x800'fde8      0x4  startup_stm32f429xx.o [1]
  .text              ro code   0x800'fdec      0x4  startup_stm32f429xx.o [1]
  .text              ro code   0x800'fdf0      0x4  startup_stm32f429xx.o [1]
  .text              ro code   0x800'fdf4      0x4  startup_stm32f429xx.o [1]
  .text              ro code   0x800'fdf8      0x4  startup_stm32f429xx.o [1]
  .text              ro code   0x800'fdfc      0x4  startup_stm32f429xx.o [1]
  .text              ro code   0x800'fe00      0x4  startup_stm32f429xx.o [1]
  .text              ro code   0x800'fe04      0x4  startup_stm32f429xx.o [1]
  .text              ro code   0x800'fe08      0x4  startup_stm32f429xx.o [1]
  .text              ro code   0x800'fe0c      0x4  startup_stm32f429xx.o [1]
  .text              ro code   0x800'fe10      0x4  startup_stm32f429xx.o [1]
  .text              ro code   0x800'fe14      0x4  startup_stm32f429xx.o [1]
  .text              ro code   0x800'fe18      0x4  startup_stm32f429xx.o [1]
  .text              ro code   0x800'fe1c      0x4  startup_stm32f429xx.o [1]
  .text              ro code   0x800'fe20      0x4  startup_stm32f429xx.o [1]
  .text              ro code   0x800'fe24      0x4  startup_stm32f429xx.o [1]
  .text              ro code   0x800'fe28      0x4  startup_stm32f429xx.o [1]
  .text              ro code   0x800'fe2c      0x4  startup_stm32f429xx.o [1]
  .text              ro code   0x800'fe30      0x4  startup_stm32f429xx.o [1]
  .text              ro code   0x800'fe34      0x4  startup_stm32f429xx.o [1]
  .text              ro code   0x800'fe38      0x4  startup_stm32f429xx.o [1]
  .text              ro code   0x800'fe3c      0x4  startup_stm32f429xx.o [1]
  .text              ro code   0x800'fe40      0x4  startup_stm32f429xx.o [1]
  .text              ro code   0x800'fe44      0x4  startup_stm32f429xx.o [1]
  .text              ro code   0x800'fe48      0x4  startup_stm32f429xx.o [1]
  .text              ro code   0x800'fe4c      0x4  startup_stm32f429xx.o [1]
  .text              ro code   0x800'fe50      0x4  startup_stm32f429xx.o [1]
  .text              ro code   0x800'fe54      0x4  startup_stm32f429xx.o [1]
  .text              ro code   0x800'fe58      0x4  startup_stm32f429xx.o [1]
  .text              ro code   0x800'fe5c      0x4  startup_stm32f429xx.o [1]
  .text              ro code   0x800'fe60      0x4  startup_stm32f429xx.o [1]
  .text              ro code   0x800'fe64      0x4  startup_stm32f429xx.o [1]
  .text              ro code   0x800'fe68      0x4  startup_stm32f429xx.o [1]
  .text              ro code   0x800'fe6c      0x4  startup_stm32f429xx.o [1]
  .text              ro code   0x800'fe70      0x4  startup_stm32f429xx.o [1]
  .text              ro code   0x800'fe74      0x4  startup_stm32f429xx.o [1]
  .text              ro code   0x800'fe78      0x4  startup_stm32f429xx.o [1]
  .text              ro code   0x800'fe7c      0x4  startup_stm32f429xx.o [1]
  .text              ro code   0x800'fe80      0x4  startup_stm32f429xx.o [1]
  .text              ro code   0x800'fe84      0x4  startup_stm32f429xx.o [1]
  .text              ro code   0x800'fe88      0x4  startup_stm32f429xx.o [1]
  .text              ro code   0x800'fe8c      0x4  startup_stm32f429xx.o [1]
  .text              ro code   0x800'fe90      0x4  startup_stm32f429xx.o [1]
  .text              ro code   0x800'fe94      0x4  startup_stm32f429xx.o [1]
  .text              ro code   0x800'fe98      0x4  startup_stm32f429xx.o [1]
  .text              ro code   0x800'fe9c      0x4  startup_stm32f429xx.o [1]
  .text              ro code   0x800'fea0      0x4  startup_stm32f429xx.o [1]
  .text              ro code   0x800'fea4      0x4  startup_stm32f429xx.o [1]
  .text              ro code   0x800'fea8      0x4  startup_stm32f429xx.o [1]
  .text              ro code   0x800'feac      0x4  startup_stm32f429xx.o [1]
  .text              ro code   0x800'feb0      0x4  startup_stm32f429xx.o [1]
  .text              ro code   0x800'feb4      0x4  startup_stm32f429xx.o [1]
  .text              ro code   0x800'feb8      0x4  startup_stm32f429xx.o [1]
  .text              ro code   0x800'febc      0x4  startup_stm32f429xx.o [1]
  .text              ro code   0x800'fec0      0x4  startup_stm32f429xx.o [1]
  .text              ro code   0x800'fec4      0x4  startup_stm32f429xx.o [1]
  .text              ro code   0x800'fec8      0x4  startup_stm32f429xx.o [1]
  .text              ro code   0x800'fecc      0x4  startup_stm32f429xx.o [1]
  .text              ro code   0x800'fed0      0x4  startup_stm32f429xx.o [1]
  .text              ro code   0x800'fed4      0x4  startup_stm32f429xx.o [1]
  .text              ro code   0x800'fed8      0x4  startup_stm32f429xx.o [1]
  .text              ro code   0x800'fedc      0x4  startup_stm32f429xx.o [1]
  .text              ro code   0x800'fee0      0x4  startup_stm32f429xx.o [1]
  .text              ro code   0x800'fee4      0x4  startup_stm32f429xx.o [1]
  .text              ro code   0x800'fee8      0x4  startup_stm32f429xx.o [1]
  .text              ro code   0x800'feec      0x4  startup_stm32f429xx.o [1]
  .text              ro code   0x800'fef0      0x4  startup_stm32f429xx.o [1]
  .text              ro code   0x800'fef4      0x4  startup_stm32f429xx.o [1]
  .text              ro code   0x800'fef8      0x4  startup_stm32f429xx.o [1]
  .text              ro code   0x800'fefc      0x4  startup_stm32f429xx.o [1]
  .text              ro code   0x800'ff00      0x4  startup_stm32f429xx.o [1]
  .text              ro code   0x800'ff04      0x0  cstart_closeall.o [4]
  .rodata            const     0x800'ff04      0x0  zero_init3.o [4]
  .rodata            const     0x800'ff04      0x0  lz77_init_single.o [4]
  Initializer bytes  const     0x800'ff04     0xbc  <for P2-1>
                             - 0x800'ffc0   0xfe14

"P2", part 1 of 3:                           0x1ce
  P2-1                        0x2000'0000    0x1ce  <Init block>
    .data            inited   0x2000'0000      0xc  dhcp.o [1]
    .data            inited   0x2000'000c      0x4  memory.o [1]
    .data            inited   0x2000'0010      0xc  stm32f4xx_hal.o [1]
    .data            inited   0x2000'001c      0x4  system_stm32f4xx.o [1]
    .data            inited   0x2000'0020     0x1c  tcp.o [1]
    .data            inited   0x2000'003c      0x8  udp.o [1]
    .data            inited   0x2000'0044      0x8  rand.o [2]
    .data            inited   0x2000'004c     0x38  xlocale_c.o [2]
    .data            inited   0x2000'0084     0x48  xlocale_c.o [2]
    .data            inited   0x2000'00cc     0x48  xfiles.o [2]
    .data            inited   0x2000'0114     0x48  xfiles.o [2]
    .data            inited   0x2000'015c     0x48  xfiles.o [2]
    .data            inited   0x2000'01a4     0x20  xfiles.o [2]
    .data            inited   0x2000'01c4      0x8  XShttio.o [2]
    .data            inited   0x2000'01cc      0x2  tcp.o [1]
                            - 0x2000'01ce    0x1ce

"P2", part 2 of 3:                         0x16c08
  .bss               zero     0x2000'01d0  0x10028  mem.o [1]
  .bss               zero     0x2001'01f8   0x30ec  ethernetif.o [1]
  .bss               zero     0x2001'32e4   0x2604  memp.o [1]
  .bss               zero     0x2001'58e8    0x440  dns.o [1]
  .bss               zero     0x2001'5d28    0x2fc  memp.o [1]
  .bss               zero     0x2001'6024    0x284  memp.o [1]
  .bss               zero     0x2001'62a8    0x204  memp.o [1]
  .bss               zero     0x2001'64ac    0x16c  memp.o [1]
  .bss               zero     0x2001'6618     0xf0  etharp.o [1]
  .bss               zero     0x2001'6708     0xa4  memp.o [1]
  .bss               zero     0x2001'67ac     0xa4  memp.o [1]
  .bss               zero     0x2001'6850     0x84  memp.o [1]
  .bss               zero     0x2001'68d4     0x84  rand.o [2]
  .bss               zero     0x2001'6958     0x80  XShHandles.o [2]
  .bss               zero     0x2001'69d8     0x74  memp.o [1]
  .bss               zero     0x2001'6a4c     0x54  main.o [1]
  .bss               zero     0x2001'6aa0     0x50  lwip.o [1]
  .bss               zero     0x2001'6af0     0x50  xfiles.o [2]
  .bss               zero     0x2001'6b40     0x50  xfiles.o [2]
  .bss               zero     0x2001'6b90     0x44  netif.o [1]
  .bss               zero     0x2001'6bd4     0x40  temperature.o [1]
  .bss               zero     0x2001'6c14     0x3c  main.o [1]
  .bss               zero     0x2001'6c50     0x3c  tcp_in.o [1]
  .bss               zero     0x2001'6c8c     0x34  dhcp.o [1]
  .bss               zero     0x2001'6cc0     0x30  dns.o [1]
  .bss               zero     0x2001'6cf0     0x2c  xttotm.o [2]
  .bss               zero     0x2001'6d1c     0x1c  dns.o [1]
  .bss               zero     0x2001'6d38     0x18  ip.o [1]
  .bss               zero     0x2001'6d50      0xc  netif.o [1]
  .bss               zero     0x2001'6d5c      0xc  sntp.o [1]
  .bss               zero     0x2001'6d68      0x8  ip4_frag.o [1]
  .bss               zero     0x2001'6d70      0x8  networking.o [1]
  .bss               zero     0x2001'6d78      0x8  sntp.o [1]
  .bss               zero     0x2001'6d80      0x8  timeouts.o [1]
  .bss               zero     0x2001'6d88      0x8  heap0.o [2]
  .bss               zero     0x2001'6d90      0x4  dhcp.o [1]
  .bss               zero     0x2001'6d94      0x4  local_time.o [1]
  .bss               zero     0x2001'6d98      0x4  memp.o [1]
  .bss               zero     0x2001'6d9c      0x4  memp.o [1]
  .bss               zero     0x2001'6da0      0x4  memp.o [1]
  .bss               zero     0x2001'6da4      0x4  memp.o [1]
  .bss               zero     0x2001'6da8      0x4  memp.o [1]
  .bss               zero     0x2001'6dac      0x4  memp.o [1]
  .bss               zero     0x2001'6db0      0x4  memp.o [1]
  .bss               zero     0x2001'6db4      0x4  memp.o [1]
  .bss               zero     0x2001'6db8      0x4  memp.o [1]
  .bss               zero     0x2001'6dbc      0x4  networking.o [1]
  .bss               zero     0x2001'6dc0      0x4  temperature.o [1]
  .bss               zero     0x2001'6dc4      0x4  timeouts.o [1]
  .bss               zero     0x2001'6dc8      0x4  xfail_s.o [2]
  .bss               zero     0x2001'6dcc      0x4  xgetmemchunk.o [2]
  .bss               zero     0x2001'6dd0      0x2  ip4.o [1]
  .bss               zero     0x2001'6dd2      0x1  dns.o [1]
  .bss               zero     0x2001'6dd3      0x1  etharp.o [1]
  .bss               zero     0x2001'6dd4      0x1  lwip.o [1]
  .bss               zero     0x2001'6dd5      0x1  pbuf.o [1]
  .bss               zero     0x2001'6dd6      0x1  tcp.o [1]
  .bss               zero     0x2001'6dd7      0x1  XShttio.o [2]
                            - 0x2001'6dd8  0x16c08

"P2", part 3 of 3:                           0x600
  CSTACK                      0x2001'6dd8    0x400  <Block>
    CSTACK           uninit   0x2001'6dd8    0x400  <Block tail>
  HEAP                        0x2001'71d8    0x200  <Block>
    HEAP             uninit   0x2001'71d8    0x200  <Block tail>
                            - 0x2001'73d8    0x600

Unused ranges:

         From           To       Size
         ----           --       ----
   0x800'ffc0   0x81f'ffff  0x1f'0040
  0x2000'01ce  0x2000'01cf        0x2
  0x2001'73d8  0x2002'ffff   0x1'8c28


*******************************************************************************
*** INIT TABLE
***

          Address      Size
          -------      ----
Zero (__iar_zero_init3)
    1 destination range, total size 0x16c08:
          0x2000'01d0  0x16c08

Copy/lz77 (__iar_lz77_init_single3)
    1 source range, total size 0xbc (40% of destination):
           0x800'ff04     0xbc
    1 destination range, total size 0x1ce:
          0x2000'0000    0x1ce



*******************************************************************************
*** MODULE SUMMARY
***

    Module                  ro code  ro data  rw data
    ------                  -------  -------  -------
command line/config:
    -------------------------------------------------
    Total:

D:\STM32\IUS\IUS\EWARM\IUS\Obj: [1]
    def.o                        92
    dhcp.o                    4 604      892       68
    dns.o                     2 012      104    1 165
    etharp.o                  1 972      500      241
    ethernet.o                  260      168
    ethernetif.o              1 094       76   12 524
    icmp.o                      428      260
    init.o                       38
    ip.o                                           24
    ip4.o                       776      156        2
    ip4_addr.o                  372      120
    ip4_frag.o                1 996      244        8
    local_time.o                 24                 4
    lwip.o                      184                81
    main.o                      624               144
    mem.o                     1 032      316   65 576
    memory.o                     80        2        4
    memp.o                      336      424   12 632
    netif.o                     704      236       80
    networking.o                632                12
    pbuf.o                    2 720      688        1
    sntp.o                      596      212       20
    startup_stm32f429xx.o       800
    stm32f4xx_hal.o             184        5       12
    stm32f4xx_hal_cortex.o      226
    stm32f4xx_hal_eth.o       2 196
    stm32f4xx_hal_gpio.o        508
    stm32f4xx_hal_i2c.o       1 990
    stm32f4xx_hal_msp.o         284
    stm32f4xx_hal_rcc.o       1 176
    stm32f4xx_hal_tim.o         936
    stm32f4xx_hal_tim_ex.o       78
    stm32f4xx_it.o               52
    system_stm32f4xx.o           96       10        4
    tcp.o                     3 648      840       31
    tcp_in.o                  5 044      560       60
    tcp_out.o                 3 968      952
    temperature.o               992       44       68
    timeouts.o                  460      220       12
    udp.o                       992      155        8
    -------------------------------------------------
    Total:                   44 206    7 184   92 781

dl7M_tlf.a: [2]
    XShHandles.o                204               128
    XShttio.o                    60        4        9
    abort.o                       6
    exit.o                        4
    fclose.o                    126
    fflush.o                    172
    fputc.o                      84
    fseek.o                      36
    getzone_nop.o                 4
    heap0.o                     320                 8
    heaptramp0.o                  4
    iar_Stolx.o                 134
    iar_Stoulx.o                320       80
    isspace.o                    20
    localtim.o                   26
    low_level_init.o              4
    printf.o                     40
    putchar.o                    12
    rand.o                      164        3      140
    sprintf.o                    64
    strftime.o                   32
    time_trampoline.o             4
    tolower.o                    20
    xDaysTo.o                   108
    xTzoff_nop.o                  4
    xcloseall.o                  60
    xencoding_8859_1.o           38
    xfail_s.o                    64                 4
    xfgpos.o                     12
    xfiles.o                             100      408
    xfofind.o                   140
    xfspos.o                    216
    xfwprep.o                   180
    xgentime.o                2 090
    xgetmemchunk.o               44                 4
    xgettime.o                   64
    xisdst_nop.o                  6
    xlocale_c.o                 244      418      128
    xmbcurmax.o                  10
    xprintffull.o             3 910
    xprout.o                     22
    xsprout.o                    10
    xstrftim.o                  280
    xttotm.o                    260                44
    -------------------------------------------------
    Total:                    9 622      605      873

m7M_tls.a: [3]
    DblAdd.o                    362
    DblCmpGe.o                   46
    DblCmpLe.o                   46
    DblDiv.o                    582
    DblMul.o                    418
    DblSub.o                    226
    DblToFlt.o                  104
    DblToS32.o                   58
    DblToU32.o                   40
    FltToDbl.o                   72
    S32ToDbl.o                   34
    U32ToDbl.o                   26
    fpinit_M.o                   34
    frexp.o                     112
    ldexp.o                     314
    -------------------------------------------------
    Total:                    2 474

rt7M_tl.a: [4]
    ABImemclr.o                   6
    ABImemclr4.o                  6
    ABImemcpy_small.o            24
    ABImemset.o                  94
    ABImemset48.o                50
    I64DivMod_small.o           262
    I64DivZer.o                   2
    cexit.o                      14
    cmain.o                      30
    cstart_closeall.o
    cstartup_M.o                 12
    data_init.o                  40
    lz77_init_single.o          122
    memchr.o                     88
    memcmp_small.o               30
    strchr.o                     22
    strcmp.o                     18
    strlen_small.o               20
    zero_init3.o                 58
    -------------------------------------------------
    Total:                      898

shb_l.a: [5]
    close.o                      24
    dwrite.o                     30
    exit.o                       20
    iarttio.o                   128
    iarwrite.o                   34
    iarwstd.o                    32
    lseek.o                      74
    remove.o                     20
    time.o                       18
    write.o                      16
    -------------------------------------------------
    Total:                      396

    Gaps                         51        4
    Linker created                        32    1 536
-----------------------------------------------------
    Grand Total:             57 647    7 825   95 190


*******************************************************************************
*** ENTRY LIST
***

Entry                       Address     Size  Type      Object
-----                       -------     ----  ----      ------
.iar.init_table$$Base    0x800'fce0            --   Gb  - Linker created -
.iar.init_table$$Limit   0x800'fd00            --   Gb  - Linker created -
?main                    0x800'fd01           Code  Gb  cmain.o [4]
AHBPrescTable            0x800'f9e4     0x10  Data  Gb  system_stm32f4xx.o [1]
APBPrescTable            0x800'fd98      0x8  Data  Gb  system_stm32f4xx.o [1]
Aldata                  0x2001'6d88      0x8  Data  Lc  heap0.o [2]
BusFault_Handler         0x800'fbcb      0x2  Code  Gb  stm32f4xx_it.o [1]
CSTACK$$Base            0x2001'6dd8            --   Gb  - Linker created -
CSTACK$$Limit           0x2001'71d8            --   Gb  - Linker created -
CacheMore                0x800'7989     0x24  Code  Lc  xlocale_c.o [2]
DMARxDscrTab            0x2001'0244     0x80  Data  Gb  ethernetif.o [1]
DMATxDscrTab            0x2001'02c4     0x80  Data  Gb  ethernetif.o [1]
DebugMon_Handler         0x800'fbd1      0x2  Code  Gb  stm32f4xx_it.o [1]
ETH_Delay                0x800'78eb     0x24  Code  Lc  stm32f4xx_hal_eth.o [1]
ETH_FlushTransmitFIFO    0x800'78c7     0x24  Code  Lc  stm32f4xx_hal_eth.o [1]
ETH_MACDMAConfig         0x800'77d5     0xec  Code  Lc  stm32f4xx_hal_eth.o [1]
EthernetLinkTimer       0x2001'0240      0x4  Data  Gb  ethernetif.o [1]
HAL_Delay                0x800'9d5d     0x28  Code  Wk  stm32f4xx_hal.o [1]
HAL_ETH_ConfigMAC        0x800'76b3    0x122  Code  Gb  stm32f4xx_hal_eth.o [1]
HAL_ETH_DMARxDescListInit
                         0x800'72f9     0x88  Code  Gb  stm32f4xx_hal_eth.o [1]
HAL_ETH_DMATxDescListInit
                         0x800'727f     0x7a  Code  Gb  stm32f4xx_hal_eth.o [1]
HAL_ETH_GetReceivedFrame
                         0x800'746b     0x7a  Code  Gb  stm32f4xx_hal_eth.o [1]
HAL_ETH_Init             0x800'70b9    0x1a6  Code  Gb  stm32f4xx_hal_eth.o [1]
HAL_ETH_MspInit          0x800'4a7d     0xc4  Code  Gb  ethernetif.o [1]
HAL_ETH_ReadPHYRegister
                         0x800'74e5     0x78  Code  Gb  stm32f4xx_hal_eth.o [1]
HAL_ETH_Start            0x800'75cb     0x5e  Code  Gb  stm32f4xx_hal_eth.o [1]
HAL_ETH_Stop             0x800'7635     0x5e  Code  Gb  stm32f4xx_hal_eth.o [1]
HAL_ETH_TransmitFrame    0x800'7381     0xea  Code  Gb  stm32f4xx_hal_eth.o [1]
HAL_ETH_WritePHYRegister
                         0x800'755d     0x66  Code  Gb  stm32f4xx_hal_eth.o [1]
HAL_GPIO_Init            0x800'6ebd    0x1b8  Code  Gb  stm32f4xx_hal_gpio.o [1]
HAL_GPIO_TogglePin       0x800'707d      0x8  Code  Gb  stm32f4xx_hal_gpio.o [1]
HAL_GPIO_WritePin        0x800'7075      0x8  Code  Gb  stm32f4xx_hal_gpio.o [1]
HAL_GetTick              0x800'794d      0xc  Code  Wk  stm32f4xx_hal.o [1]
HAL_I2C_Init             0x800'b705     0xc2  Code  Gb  stm32f4xx_hal_i2c.o [1]
HAL_I2C_Master_Receive   0x800'b8bb     0xf2  Code  Gb  stm32f4xx_hal_i2c.o [1]
HAL_I2C_Master_Transmit
                         0x800'b7d7     0xc0  Code  Gb  stm32f4xx_hal_i2c.o [1]
HAL_I2C_MspInit          0x800'bf5b     0x44  Code  Gb  stm32f4xx_hal_msp.o [1]
HAL_IncTick              0x800'fbf9     0x10  Code  Wk  stm32f4xx_hal.o [1]
HAL_Init                 0x800'e301     0x30  Code  Gb  stm32f4xx_hal.o [1]
HAL_InitTick             0x800'aa81     0x40  Code  Wk  stm32f4xx_hal.o [1]
HAL_MspInit              0x800'becd     0x8e  Code  Gb  stm32f4xx_hal_msp.o [1]
HAL_NVIC_EnableIRQ       0x800'ab77      0xa  Code  Gb  stm32f4xx_hal_cortex.o [1]
HAL_NVIC_SetPriority     0x800'ab3d     0x3a  Code  Gb  stm32f4xx_hal_cortex.o [1]
HAL_NVIC_SetPriorityGrouping
                         0x800'ab23     0x1a  Code  Gb  stm32f4xx_hal_cortex.o [1]
HAL_RCC_ClockConfig      0x800'9d85     0xfe  Code  Gb  stm32f4xx_hal_rcc.o [1]
HAL_RCC_GetHCLKFreq      0x800'9e8f      0x6  Code  Gb  stm32f4xx_hal_rcc.o [1]
HAL_RCC_GetPCLK1Freq     0x800'9e95     0x10  Code  Gb  stm32f4xx_hal_rcc.o [1]
HAL_RCC_OscConfig        0x800'd5cd    0x2f8  Code  Wk  stm32f4xx_hal_rcc.o [1]
HAL_SYSTICK_CLKSourceConfig
                         0x800'abb3     0x1a  Code  Gb  stm32f4xx_hal_cortex.o [1]
HAL_SYSTICK_Config       0x800'ab8b     0x28  Code  Gb  stm32f4xx_hal_cortex.o [1]
HAL_SYSTICK_IRQHandler   0x800'abe5      0x4  Code  Gb  stm32f4xx_hal_cortex.o [1]
HAL_TIMEx_BreakCallback
                         0x800'cf11      0x2  Code  Wk  stm32f4xx_hal_tim_ex.o [1]
HAL_TIMEx_CommutationCallback
                         0x800'cf15      0x2  Code  Wk  stm32f4xx_hal_tim_ex.o [1]
HAL_TIMEx_MasterConfigSynchronization
                         0x800'e3ed     0x4a  Code  Gb  stm32f4xx_hal_tim_ex.o [1]
HAL_TIM_Base_Init        0x800'cb6d     0x1a  Code  Gb  stm32f4xx_hal_tim.o [1]
HAL_TIM_Base_MspInit     0x800'bf9f     0x32  Code  Gb  stm32f4xx_hal_msp.o [1]
HAL_TIM_Base_Start_IT    0x800'cb87     0x16  Code  Gb  stm32f4xx_hal_tim.o [1]
HAL_TIM_ConfigClockSource
                         0x800'cd09     0xac  Code  Gb  stm32f4xx_hal_tim.o [1]
HAL_TIM_IRQHandler       0x800'cbc1    0x142  Code  Gb  stm32f4xx_hal_tim.o [1]
HEAP$$Base              0x2001'71d8            --   Gb  - Linker created -
HEAP$$Limit             0x2001'73d8            --   Gb  - Linker created -
HardFault_Handler        0x800'fbc7      0x2  Code  Gb  stm32f4xx_it.o [1]
I2C_IsAcknowledgeFailed
                         0x800'bea3     0x28  Code  Lc  stm32f4xx_hal_i2c.o [1]
I2C_MasterRequestRead    0x800'bbed     0xae  Code  Lc  stm32f4xx_hal_i2c.o [1]
I2C_MasterRequestWrite   0x800'bb75     0x78  Code  Lc  stm32f4xx_hal_i2c.o [1]
I2C_WaitOnBTFFlagUntilTimeout
                         0x800'bdf5     0x34  Code  Lc  stm32f4xx_hal_i2c.o [1]
I2C_WaitOnFlagUntilTimeout
                         0x800'bce9     0x5e  Code  Lc  stm32f4xx_hal_i2c.o [1]
I2C_WaitOnMasterAddressFlagUntilTimeout
                         0x800'bd47     0x6a  Code  Lc  stm32f4xx_hal_i2c.o [1]
I2C_WaitOnRXNEFlagUntilTimeout
                         0x800'be43     0x50  Code  Lc  stm32f4xx_hal_i2c.o [1]
I2C_WaitOnTXEFlagUntilTimeout
                         0x800'bdc1     0x34  Code  Lc  stm32f4xx_hal_i2c.o [1]
ISOwkyr                  0x800'ad65     0xba  Code  Lc  xgentime.o [2]
ISOyear                  0x800'ae25     0x1a  Code  Lc  xgentime.o [2]
LoadInt                  0x800'50bf     0x7a  Code  Lc  xprintffull.o [2]
MX_GPIO_Init             0x800'e1f5     0xcc  Code  Lc  main.o [1]
MX_LWIP_Init             0x800'e335     0x5c  Code  Gb  lwip.o [1]
MX_LWIP_Process          0x800'e391     0x42  Code  Gb  lwip.o [1]
MX_TIM2_Init             0x800'e1a7     0x4e  Code  Lc  main.o [1]
MemManage_Handler        0x800'fbc9      0x2  Code  Gb  stm32f4xx_it.o [1]
NMI_Handler              0x800'fbc5      0x2  Code  Gb  stm32f4xx_it.o [1]
NVIC_SetPriority         0x800'ab09     0x1a  Code  Lc  stm32f4xx_hal_cortex.o [1]
PendSV_Handler           0x800'fbd3      0x2  Code  Gb  stm32f4xx_it.o [1]
Region$$Table$$Base      0x800'fce0            --   Gb  - Linker created -
Region$$Table$$Limit     0x800'fd00            --   Gb  - Linker created -
Rx_Buff                 0x2001'0344   0x17d0  Data  Gb  ethernetif.o [1]
SVC_Handler              0x800'fbcf      0x2  Code  Gb  stm32f4xx_it.o [1]
SysTick_Handler          0x800'fbd5      0xe  Code  Gb  stm32f4xx_it.o [1]
SystemClock_Config       0x800'e0fb     0xac  Code  Gb  main.o [1]
SystemCoreClock         0x2000'001c      0x4  Data  Gb  system_stm32f4xx.o [1]
SystemInit               0x800'f995     0x3a  Code  Gb  system_stm32f4xx.o [1]
TIM2_IRQHandler          0x800'fbe3     0x10  Code  Gb  stm32f4xx_it.o [1]
TIM_Base_SetConfig       0x800'cddf     0x8e  Code  Gb  stm32f4xx_hal_tim.o [1]
TIM_ETR_SetConfig        0x800'cef7     0x14  Code  Lc  stm32f4xx_hal_tim.o [1]
TIM_ITRx_SetConfig       0x800'cee7     0x10  Code  Lc  stm32f4xx_hal_tim.o [1]
TIM_TI1_ConfigInputStage
                         0x800'cea1     0x1c  Code  Lc  stm32f4xx_hal_tim.o [1]
TIM_TI2_ConfigInputStage
                         0x800'cec3     0x24  Code  Lc  stm32f4xx_hal_tim.o [1]
Tx_Buff                 0x2001'1b14   0x17d0  Data  Gb  ethernetif.o [1]
UsageFault_Handler       0x800'fbcd      0x2  Code  Gb  stm32f4xx_it.o [1]
_Close_all               0x800'fb89     0x3c  Code  Gb  xcloseall.o [2]
_Encoding_8859_1_Mbrlen
                         0x800'5e5d      0x2  Code  Gb  xencoding_8859_1.o [2]
_Encoding_8859_1_Mbtowc
                         0x800'5e55      0x8  Code  Gb  xencoding_8859_1.o [2]
_Encoding_8859_1_Wctomb
                         0x800'5e43     0x12  Code  Gb  xencoding_8859_1.o [2]
_Files                  0x2000'01a4     0x20  Data  Gb  xfiles.o [2]
_Fofree                  0x800'f6f9     0x86  Code  Gb  xfofind.o [2]
_Fspos                   0x800'ef05     0xd8  Code  Gb  xfspos.o [2]
_Fwprep                  0x800'f2f1     0xb4  Code  Gb  xfwprep.o [2]
_GenldFull               0x800'5b1d    0x274  Code  Lc  xprintffull.o [2]
_Gentime                 0x800'af49    0x54c  Code  Gb  xgentime.o [2]
_Gettime                 0x800'b4d3     0x40  Code  Gb  xgettime.o [2]
_LdtobFull               0x800'5719    0x3d6  Code  Lc  xprintffull.o [2]
_LitobFull               0x800'55c9    0x10a  Code  Lc  xprintffull.o [2]
_LocaleC_Tinfo           0x800'fb3c     0x4c  Data  Lc  xlocale_c.o [2]
_LocaleC_isspace         0x800'7965     0x14  Code  Gb  xlocale_c.o [2]
_LocaleC_isupper         0x800'7959      0x2  Code  Gb  xlocale_c.o [2]
_LocaleC_tolower         0x800'7979      0xc  Code  Gb  xlocale_c.o [2]
_Locale_lconv           0x2000'004c     0x38  Data  Lc  xlocale_c.o [2]
_Nnl                     0x800'f089      0xc  Code  Gb  xfgpos.o [2]
_PrintfFull              0x800'4efd    0x1aa  Code  Gb  xprintffull.o [2]
_Prout                   0x800'fd37     0x16  Code  Gb  xprout.o [2]
_PutcharsFull            0x800'5d91     0x2e  Code  Lc  xprintffull.o [2]
_PutfldFull              0x800'5139    0x2d4  Code  Lc  xprintffull.o [2]
_PutstrFull              0x800'5503     0xc6  Code  Lc  xprintffull.o [2]
_PuttxtFull              0x800'540d     0xf6  Code  Lc  xprintffull.o [2]
_Rand_idx               0x2001'6954      0x4  Data  Lc  rand.o [2]
_Rand_rv                0x2001'68d4     0x80  Data  Lc  rand.o [2]
_Randinit               0x2000'0044      0x1  Data  Gb  rand.o [2]
_Randseed               0x2000'0048      0x4  Data  Gb  rand.o [2]
_SProut                  0x800'5e9b      0xa  Code  Gb  xsprout.o [2]
_Ttotm_ts               0x2001'6cf0     0x2c  Data  Lc  xttotm.o [2]
_Tzoff                   0x800'c511      0x4  Code  Gb  xTzoff_nop.o [2]
__aeabi_cdcmple          0x800'7e39           Code  Gb  DblCmpLe.o [3]
__aeabi_cdrcmple         0x800'7e69           Code  Gb  DblCmpGe.o [3]
__aeabi_d2f              0x800'c4a5           Code  Gb  DblToFlt.o [3]
__aeabi_d2iz             0x800'7fd5           Code  Gb  DblToS32.o [3]
__aeabi_d2uiz            0x800'8361           Code  Gb  DblToU32.o [3]
__aeabi_ddiv             0x800'8119           Code  Gb  DblDiv.o [3]
__aeabi_dmul             0x800'7c25           Code  Gb  DblMul.o [3]
__aeabi_dsub             0x800'8035           Code  Gb  DblSub.o [3]
__aeabi_f2d              0x800'c41d           Code  Gb  FltToDbl.o [3]
__aeabi_i2d              0x800'8011           Code  Gb  S32ToDbl.o [3]
__aeabi_ldiv0            0x800'9f2d           Code  Gb  I64DivZer.o [4]
__aeabi_memclr           0x800'83a5           Code  Gb  ABImemclr.o [4]
__aeabi_memclr4          0x800'46f5           Code  Gb  ABImemclr4.o [4]
__aeabi_ui2d             0x800'8389           Code  Gb  U32ToDbl.o [3]
__basic_free             0x800'e92d     0x16  Code  Gb  heap0.o [2]
__basic_free_intern      0x800'e943     0x7a  Code  Lc  heap0.o [2]
__basic_malloc           0x800'e881     0x18  Code  Gb  heap0.o [2]
__basic_malloc_intern    0x800'e899     0x94  Code  Lc  heap0.o [2]
__cexit_closeall         0x800'fd2b           Code  Gb  cexit.o [4]
__close                  0x800'f88f     0x18  Code  Gb  close.o [5]
__cmain                  0x800'fd01           Code  Gb  cmain.o [4]
__cstart_closeall        0x800'ff04           Data  Gb  cstart_closeall.o [4]
__data_GetMemChunk       0x800'e9c1     0x2c  Code  Gb  xgetmemchunk.o [2]
__data_GetMemChunk::start
                        0x2001'6dcc      0x4  Data  Lc  xgetmemchunk.o [2]
__dwrite                 0x800'f1bd     0x1e  Code  Gb  dwrite.o [5]
__exit                   0x800'aac1     0x14  Code  Gb  exit.o [5]
__getzone                0x800'b599      0x4  Code  Gb  getzone_nop.o [2]
__iar_CStrftime          0x800'c619    0x108  Code  Gb  xstrftim.o [2]
__iar_Daysto32           0x800'c749     0x3a  Code  Gb  xDaysTo.o [2]
__iar_Fail_s             0x800'7a65     0x1c  Code  Gb  xfail_s.o [2]
__iar_Isdst32            0x800'c743      0x6  Code  Gb  xisdst_nop.o [2]
__iar_Mbcurmax           0x800'7b11      0xa  Code  Gb  xmbcurmax.o [2]
__iar_Memchr             0x800'7ab9           Code  Gb  memchr.o [4]
__iar_Memset4_word       0x800'5e69           Code  Gb  ABImemset48.o [4]
__iar_Memset8_word       0x800'5e69           Code  Gb  ABImemset48.o [4]
__iar_Memset_word        0x800'a09d           Code  Gb  ABImemset.o [4]
__iar_Stderr            0x2000'015c     0x48  Data  Gb  xfiles.o [2]
__iar_Stdin             0x2000'00cc     0x48  Data  Gb  xfiles.o [2]
__iar_Stdout            0x2000'0114     0x48  Data  Gb  xfiles.o [2]
__iar_Stolx              0x800'b513     0x82  Code  Gb  iar_Stolx.o [2]
__iar_Stoulx             0x800'b5b1    0x13a  Code  Gb  iar_Stoulx.o [2]
__iar_Strchr             0x800'7a4d           Code  Gb  strchr.o [4]
__iar_Ttotm32            0x800'c515     0xc6  Code  Gb  xttotm.o [2]
__iar_close_ttio         0x800'abed     0x2e  Code  Gb  iarttio.o [5]
__iar_dadd               0x800'8045           Code  Gb  DblSub.o [3]
__iar_data_init3         0x800'fc95     0x28  Code  Gb  data_init.o [4]
__iar_dsub               0x800'9f31           Code  Gb  DblAdd.o [3]
__iar_dsubStart          0x800'9f43           Code  Gb  DblAdd.o [3]
__iar_frexp              0x800'7dd5           Code  Gb  frexp.o [3]
__iar_frexpl             0x800'7dd5           Code  Gb  frexp.o [3]
__iar_get_ttio           0x800'ac1d     0x4c  Code  Gb  iarttio.o [5]
__iar_globLocale        0x2000'0084     0x48  Data  Lc  xlocale_c.o [2]
__iar_global_Locale      0x800'7985      0x4  Code  Gb  xlocale_c.o [2]
__iar_init_vfp           0x800'fcbd           Code  Gb  fpinit_M.o [3]
__iar_ldexp64            0x800'7e99           Code  Gb  ldexp.o [3]
__iar_lookup_ttioh       0x800'ac9b      0x4  Code  Gb  XShttio.o [2]
__iar_lz77_init_single3
                         0x800'46fb     0x7a  Code  Gb  lz77_init_single.o [4]
__iar_program_start      0x800'fd7d           Code  Gb  cstartup_M.o [4]
__iar_scalbln64          0x800'7e99           Code  Gb  ldexp.o [3]
__iar_scalbn64           0x800'7e99           Code  Gb  ldexp.o [3]
__iar_sh_Discard         0x800'f0f1     0x42  Code  Gb  XShHandles.o [2]
__iar_sh_Move            0x800'f133     0x46  Code  Gb  XShHandles.o [2]
__iar_sh_Pos             0x800'f179     0x3e  Code  Gb  XShHandles.o [2]
__iar_sh_stdout          0x800'f1db     0x20  Code  Gb  iarwstd.o [5]
__iar_sh_write           0x800'f1fb     0x22  Code  Gb  iarwrite.o [5]
__iar_small_Memcpy       0x800'46e1           Code  Gb  ABImemcpy_small.o [4]
__iar_small_memcmp       0x800'aad5           Code  Gb  memcmp_small.o [4]
__iar_small_memcpy       0x800'46dd           Code  Gb  ABImemcpy_small.o [4]
__iar_small_memcpy4      0x800'46dd           Code  Gb  ABImemcpy_small.o [4]
__iar_small_memcpy8      0x800'46dd           Code  Gb  ABImemcpy_small.o [4]
__iar_small_strlen       0x800'7aa5           Code  Gb  strlen_small.o [4]
__iar_small_uldivmod     0x800'7b1d           Code  Gb  I64DivMod_small.o [4]
__iar_softfp___iar_frexp64
                         0x800'7dc9           Code  Gb  frexp.o [3]
__iar_softfp_frexp       0x800'7dc9           Code  Gb  frexp.o [3]
__iar_softfp_frexpl      0x800'7dc9           Code  Gb  frexp.o [3]
__iar_ttio_guard_lock    0x800'ac6d     0x1e  Code  Gb  XShttio.o [2]
__iar_ttio_guard_unlock
                         0x800'ac8b     0x10  Code  Gb  XShttio.o [2]
__iar_ttio_handles      0x2000'01c4      0x8  Data  Lc  XShttio.o [2]
__iar_zero_init3         0x800'4ec3     0x3a  Code  Gb  zero_init3.o [4]
__localtime32            0x800'c3e1     0x1a  Code  Gb  localtim.o [2]
__low_level_init         0x800'fd1f      0x4  Code  Gb  low_level_init.o [2]
__lseek                  0x800'f095     0x4a  Code  Gb  lseek.o [5]
__time32                 0x800'c731     0x12  Code  Gb  time.o [5]
__vector_table           0x800'0000           Data  Gb  startup_stm32f429xx.o [1]
__write                  0x800'f0df     0x10  Code  Gb  write.o [5]
_call_main               0x800'fd0d           Code  Gb  cmain.o [4]
_exit                    0x800'fd29           Code  Gb  cexit.o [4]
_gLocale_mblen           0x800'7a2b      0x4  Code  Gb  xlocale_c.o [2]
_gLocale_mblenInt        0x800'79ad     0x2c  Code  Gb  xlocale_c.o [2]
_gLocale_mbtowc          0x800'7a2f      0xc  Code  Gb  xlocale_c.o [2]
_gLocale_mbtowcInt       0x800'79d9     0x42  Code  Gb  xlocale_c.o [2]
_gLocale_wctomb          0x800'7a3b      0x4  Code  Gb  xlocale_c.o [2]
_gLocale_wctombInt       0x800'7a27      0x4  Code  Gb  xlocale_c.o [2]
_main                    0x800'fd1b           Code  Gb  cmain.o [4]
abort                    0x800'9f25      0x6  Code  Gb  abort.o [2]
ackno                   0x2001'6c80      0x4  Data  Lc  tcp_in.o [1]
allocate_sram_memory     0x800'e041     0x36  Code  Gb  memory.o [1]
alt_digits               0x800'fd5e      0x1  Data  Lc  xlocale_c.o [2]
am_pm                    0x800'fd60      0x8  Data  Lc  xlocale_c.o [2]
arp_table               0x2001'6618     0xf0  Data  Lc  etharp.o [1]
buffer                  0x2001'6dbc      0x4  Data  Lc  networking.o [1]
buffer_length           0x2001'6c04      0x4  Data  Gb  temperature.o [1]
burst_read               0x800'c155     0x1c  Code  Gb  temperature.o [1]
cmp_era_date             0x800'ae3f     0x76  Code  Lc  xgentime.o [2]
continue_send_data       0x800'db8d     0x4c  Code  Gb  networking.o [1]
ctrl_meas_config        0x2001'6bd4      0x1  Data  Gb  temperature.o [1]
cyclic_timer             0x800'412d     0x14  Code  Lc  timeouts.o [1]
days                     0x800'f9f4     0x58  Data  Lc  xlocale_c.o [2]
dhcp_arp_reply           0x800'8f5d     0x96  Code  Gb  dhcp.o [1]
dhcp_bind                0x800'90bb     0xe0  Code  Lc  dhcp.o [1]
dhcp_check               0x800'8bed     0x2a  Code  Lc  dhcp.o [1]
dhcp_coarse_tmr          0x800'8cbf     0x96  Code  Gb  dhcp.o [1]
dhcp_create_msg          0x800'9971    0x178  Code  Lc  dhcp.o [1]
dhcp_create_msg::xid    0x2001'6d90      0x4  Data  Lc  dhcp.o [1]
dhcp_dec_pcb_refcount    0x800'8bbf     0x2e  Code  Lc  dhcp.o [1]
dhcp_delete_msg          0x800'9af1     0x56  Code  Lc  dhcp.o [1]
dhcp_discover            0x800'9013     0x76  Code  Lc  dhcp.o [1]
dhcp_discover_request_options
                        0x2000'0004      0x4  Data  Lc  dhcp.o [1]
dhcp_fine_tmr            0x800'8d63     0x7e  Code  Gb  dhcp.o [1]
dhcp_handle_ack          0x800'8de1     0x82  Code  Lc  dhcp.o [1]
dhcp_inc_pcb_refcount    0x800'8b61     0x5e  Code  Lc  dhcp.o [1]
dhcp_network_changed     0x800'8f2b     0x2e  Code  Gb  dhcp.o [1]
dhcp_option              0x800'942f     0x3a  Code  Lc  dhcp.o [1]
dhcp_option_byte         0x800'9469     0x22  Code  Lc  dhcp.o [1]
dhcp_option_long         0x800'94d1     0x42  Code  Lc  dhcp.o [1]
dhcp_option_short        0x800'94ad     0x24  Code  Lc  dhcp.o [1]
dhcp_option_trailer      0x800'9b53     0x7c  Code  Lc  dhcp.o [1]
dhcp_parse_reply         0x800'9535    0x2f2  Code  Lc  dhcp.o [1]
dhcp_pcb                0x2000'0008      0x4  Data  Lc  dhcp.o [1]
dhcp_pcb_refcount       0x2000'0000      0x1  Data  Lc  dhcp.o [1]
dhcp_rebind              0x800'922d     0x4e  Code  Lc  dhcp.o [1]
dhcp_reboot              0x800'92a3     0x68  Code  Lc  dhcp.o [1]
dhcp_recv                0x800'982d    0x126  Code  Lc  dhcp.o [1]
dhcp_release             0x800'9349     0x8c  Code  Gb  dhcp.o [1]
dhcp_renew               0x800'91a7     0x6c  Code  Gb  dhcp.o [1]
dhcp_rx_options_given   0x2001'6c8c      0xc  Data  Gb  dhcp.o [1]
dhcp_rx_options_val     0x2001'6c98     0x28  Data  Gb  dhcp.o [1]
dhcp_select              0x800'8c17     0xa8  Code  Lc  dhcp.o [1]
dhcp_set_state           0x800'941f     0x10  Code  Lc  dhcp.o [1]
dhcp_start               0x800'8e65     0xa8  Code  Gb  dhcp.o [1]
dhcp_stop                0x800'93d5     0x4a  Code  Gb  dhcp.o [1]
dhcp_supplied_address    0x800'9be5     0x1e  Code  Gb  dhcp.o [1]
dhcp_up                 0x2001'6dd4      0x1  Data  Lc  lwip.o [1]
dig_H1                  0x2001'6bd6      0x1  Data  Gb  temperature.o [1]
dig_H2                  0x2001'6bf4      0x2  Data  Gb  temperature.o [1]
dig_H3                  0x2001'6bd7      0x1  Data  Gb  temperature.o [1]
dig_H4                  0x2001'6bf6      0x2  Data  Gb  temperature.o [1]
dig_H5                  0x2001'6bf8      0x2  Data  Gb  temperature.o [1]
dig_H6                  0x2001'6bd8      0x1  Data  Gb  temperature.o [1]
dig_P1                  0x2001'6bde      0x2  Data  Gb  temperature.o [1]
dig_P2                  0x2001'6be4      0x2  Data  Gb  temperature.o [1]
dig_P3                  0x2001'6be6      0x2  Data  Gb  temperature.o [1]
dig_P4                  0x2001'6be8      0x2  Data  Gb  temperature.o [1]
dig_P5                  0x2001'6bea      0x2  Data  Gb  temperature.o [1]
dig_P6                  0x2001'6bec      0x2  Data  Gb  temperature.o [1]
dig_P7                  0x2001'6bee      0x2  Data  Gb  temperature.o [1]
dig_P8                  0x2001'6bf0      0x2  Data  Gb  temperature.o [1]
dig_P9                  0x2001'6bf2      0x2  Data  Gb  temperature.o [1]
dig_T1                  0x2001'6bdc      0x2  Data  Gb  temperature.o [1]
dig_T2                  0x2001'6be0      0x2  Data  Gb  temperature.o [1]
dig_T3                  0x2001'6be2      0x2  Data  Gb  temperature.o [1]
digits                   0x800'fac8     0x28  Data  Lc  iar_Stoulx.o [2]
dns_alloc_pcb            0x800'a355     0xa0  Code  Lc  dns.o [1]
dns_call_found           0x800'a3f5     0x96  Code  Lc  dns.o [1]
dns_check_entry          0x800'a48d     0xea  Code  Lc  dns.o [1]
dns_enqueue              0x800'a787    0x136  Code  Lc  dns.o [1]
dns_gethostbyname        0x800'a8bd      0xc  Code  Gb  dns.o [1]
dns_gethostbyname_addrtype
                         0x800'a8c9     0x94  Code  Gb  dns.o [1]
dns_init                 0x800'a201      0x2  Code  Gb  dns.o [1]
dns_last_pcb_idx        0x2001'6d24      0x1  Data  Lc  dns.o [1]
dns_pcbs                0x2001'6d28     0x10  Data  Lc  dns.o [1]
dns_recv                 0x800'a579    0x200  Code  Lc  dns.o [1]
dns_requests            0x2001'6cc0     0x30  Data  Lc  dns.o [1]
dns_send                 0x800'a231    0x124  Code  Lc  dns.o [1]
dns_seqno               0x2001'6dd2      0x1  Data  Lc  dns.o [1]
dns_servers             0x2001'6d1c      0x8  Data  Lc  dns.o [1]
dns_setserver            0x800'a203     0x1a  Code  Gb  dns.o [1]
dns_table               0x2001'58e8    0x440  Data  Lc  dns.o [1]
dns_tmr                  0x800'a21d     0x14  Code  Gb  dns.o [1]
do_memp_free_pool        0x800'4029     0x2a  Code  Lc  memp.o [1]
do_memp_malloc_pool      0x800'3fd3     0x2e  Code  Lc  memp.o [1]
ebuf                    0x2001'6af0     0x50  Data  Lc  xfiles.o [2]
era                      0x800'fd68      0x1  Data  Lc  xlocale_c.o [2]
etharp_cached_entry     0x2001'6dd3      0x1  Data  Lc  etharp.o [1]
etharp_cleanup_netif     0x800'861d     0x28  Code  Gb  etharp.o [1]
etharp_find_entry        0x800'843b    0x144  Code  Lc  etharp.o [1]
etharp_free_entry        0x800'83ad     0x34  Code  Lc  etharp.o [1]
etharp_input             0x800'864f     0xb2  Code  Gb  etharp.o [1]
etharp_output            0x800'8777    0x12a  Code  Gb  etharp.o [1]
etharp_output_to_arp_index
                         0x800'8701     0x6a  Code  Lc  etharp.o [1]
etharp_query             0x800'88ad    0x128  Code  Gb  etharp.o [1]
etharp_raw               0x800'89e1     0xd0  Code  Lc  etharp.o [1]
etharp_request           0x800'8ad3      0x4  Code  Gb  etharp.o [1]
etharp_request_dst       0x800'8ab1     0x22  Code  Lc  etharp.o [1]
etharp_tmr               0x800'83e1     0x5a  Code  Gb  etharp.o [1]
etharp_update_arp_entry
                         0x800'8587     0x96  Code  Lc  etharp.o [1]
ethbroadcast             0x800'a1f8      0x8  Data  Gb  ethernet.o [1]
ethernet_input           0x800'a0fd     0x90  Code  Gb  ethernet.o [1]
ethernet_output          0x800'a18d     0x66  Code  Gb  ethernet.o [1]
ethernetif_init          0x800'4da1     0x34  Code  Gb  ethernetif.o [1]
ethernetif_input         0x800'4d7f     0x20  Code  Gb  ethernetif.o [1]
ethernetif_update_config
                         0x800'4dd9     0xa2  Code  Gb  ethernetif.o [1]
ethzero                  0x800'fd88      0x8  Data  Gb  ethernet.o [1]
exit                     0x800'fd23      0x4  Code  Gb  exit.o [2]
fclose                   0x800'f811     0x7e  Code  Gb  fclose.o [2]
fflush                   0x800'f051     0x34  Code  Gb  fflush.o [2]
fflushOne                0x800'efdd     0x74  Code  Lc  fflush.o [2]
first                   0x2001'6c0c      0x4  Data  Gb  temperature.o [1]
flag                    0x2001'6bd5      0x1  Data  Gb  temperature.o [1]
flags                   0x2001'6c50      0x1  Data  Lc  tcp_in.o [1]
fmts                     0x800'fc38     0x30  Data  Lc  xlocale_c.o [2]
fputc                    0x800'fa4d     0x54  Code  Gb  fputc.o [2]
free                     0x800'f785      0x4  Code  Gb  heaptramp0.o [2]
fseek                    0x800'f3a5     0x24  Code  Gb  fseek.o [2]
getera                   0x800'aeb5     0x92  Code  Lc  xgentime.o [2]
getval                   0x800'aca9     0x60  Code  Lc  xgentime.o [2]
gnetif                  0x2001'6aa0     0x44  Data  Gb  lwip.o [1]
gw                      0x2001'6aec      0x4  Data  Gb  lwip.o [1]
heth                    0x2001'01f8     0x48  Data  Gb  ethernetif.o [1]
hi2c1                   0x2001'6a4c     0x54  Data  Gb  main.o [1]
htim2                   0x2001'6c14     0x3c  Data  Gb  main.o [1]
i2c_buffer              0x2001'6bfc      0x4  Data  Gb  temperature.o [1]
icmp_dest_unreach        0x800'6b6b      0x6  Code  Gb  icmp.o [1]
icmp_input               0x800'6a51    0x11a  Code  Gb  icmp.o [1]
icmp_send_response       0x800'6b75     0x7e  Code  Lc  icmp.o [1]
icmp_time_exceeded       0x800'6b71      0x4  Code  Gb  icmp.o [1]
import_csv_history       0x800'c01f     0x60  Code  Gb  temperature.o [1]
initialize_sntp          0x800'db75     0x18  Code  Gb  networking.o [1]
inseg                   0x2001'6c54     0x14  Data  Lc  tcp_in.o [1]
ip4_addr_isbroadcast_u32
                         0x800'1561     0x32  Code  Gb  ip4_addr.o [1]
ip4_frag                 0x800'63c1    0x19e  Code  Gb  ip4_frag.o [1]
ip4_input                0x800'47c9    0x18e  Code  Gb  ip4.o [1]
ip4_output_if            0x800'4957     0x26  Code  Gb  ip4.o [1]
ip4_output_if_src        0x800'497d     0xda  Code  Gb  ip4.o [1]
ip4_reass                0x800'61fd    0x16e  Code  Gb  ip4_frag.o [1]
ip4_route                0x800'4775     0x54  Code  Gb  ip4.o [1]
ip4addr_aton             0x800'1595    0x130  Code  Gb  ip4_addr.o [1]
ip_addr_any              0x800'fd90      0x4  Data  Gb  ip4_addr.o [1]
ip_addr_broadcast        0x800'fd94      0x4  Data  Gb  ip4_addr.o [1]
ip_data                 0x2001'6d38     0x18  Data  Gb  ip.o [1]
ip_frag_free_pbuf_custom_ref
                         0x800'6375     0x22  Code  Lc  ip4_frag.o [1]
ip_id                   0x2001'6dd0      0x2  Data  Lc  ip4.o [1]
ip_reass_chain_frag_into_datagram_and_validate
                         0x800'60a1    0x15c  Code  Lc  ip4_frag.o [1]
ip_reass_dequeue_datagram
                         0x800'6065     0x3c  Code  Lc  ip4_frag.o [1]
ip_reass_enqueue_new_datagram
                         0x800'601b     0x4a  Code  Lc  ip4_frag.o [1]
ip_reass_free_complete_datagram
                         0x800'5ed1     0xda  Code  Lc  ip4_frag.o [1]
ip_reass_pbufcount      0x2001'6d68      0x2  Data  Lc  ip4_frag.o [1]
ip_reass_remove_oldest_datagram
                         0x800'5fb3     0x68  Code  Lc  ip4_frag.o [1]
ip_reass_tmr             0x800'5ea5     0x2c  Code  Gb  ip4_frag.o [1]
ipaddr                  0x2001'6ae4      0x4  Data  Gb  lwip.o [1]
ipfrag_free_pbuf_custom
                         0x800'6399     0x26  Code  Lc  ip4_frag.o [1]
isleapyr                 0x800'ad09     0x42  Code  Lc  xgentime.o [2]
isspace                  0x800'b59d     0x14  Code  Gb  isspace.o [2]
ldexp                    0x800'7e99           Code  Gb  ldexp.o [3]
ldexpl                   0x800'7e99           Code  Gb  ldexp.o [3]
lfree                   0x2000'01d8      0x4  Data  Lc  mem.o [1]
lmos                     0x800'c5e8     0x18  Data  Lc  xttotm.o [2]
lmos                     0x800'c784     0x18  Data  Lc  xDaysTo.o [2]
localeconv               0x800'7a3f      0x4  Code  Gb  xlocale_c.o [2]
localtime                0x800'c3e1     0x1a  Code  Gb  localtim.o [2]
loop_netif              0x2001'6b90     0x44  Data  Lc  netif.o [1]
low_level_init           0x800'4b4f     0xce  Code  Lc  ethernetif.o [1]
low_level_input          0x800'4cc7     0xb8  Code  Lc  ethernetif.o [1]
low_level_output         0x800'4c27     0xa0  Code  Lc  ethernetif.o [1]
lwip_cyclic_timers       0x800'fc08     0x30  Data  Gb  timeouts.o [1]
lwip_htonl               0x800'2181     0x1a  Code  Gb  def.o [1]
lwip_htons               0x800'2175      0xc  Code  Gb  def.o [1]
lwip_init                0x800'e437     0x26  Code  Gb  init.o [1]
lwip_strnicmp            0x800'219b     0x36  Code  Gb  def.o [1]
main                     0x800'e091     0x6a  Code  Gb  main.o [1]
measure_record_length   0x2001'6bda      0x2  Data  Gb  temperature.o [1]
mem_free                 0x800'43ad     0x7e  Code  Gb  mem.o [1]
mem_init                 0x800'4383     0x2a  Code  Gb  mem.o [1]
mem_malloc               0x800'4511     0xf4  Code  Gb  mem.o [1]
mem_trim                 0x800'442d     0xd0  Code  Gb  mem.o [1]
memchr                   0x800'7ab9           Code  Gb  memchr.o [4]
memp_FRAG_PBUF           0x800'ece4     0x10  Data  Gb  memp.o [1]
memp_PBUF                0x800'ed04     0x10  Data  Gb  memp.o [1]
memp_PBUF_POOL           0x800'ed14     0x10  Data  Gb  memp.o [1]
memp_REASSDATA           0x800'ecd4     0x10  Data  Gb  memp.o [1]
memp_SYS_TIMEOUT         0x800'ecf4     0x10  Data  Gb  memp.o [1]
memp_TCP_PCB             0x800'eca4     0x10  Data  Gb  memp.o [1]
memp_TCP_PCB_LISTEN      0x800'ecb4     0x10  Data  Gb  memp.o [1]
memp_TCP_SEG             0x800'ecc4     0x10  Data  Gb  memp.o [1]
memp_UDP_PCB             0x800'ec94     0x10  Data  Gb  memp.o [1]
memp_free                0x800'4055     0x2c  Code  Gb  memp.o [1]
memp_init                0x800'3fb9     0x1a  Code  Gb  memp.o [1]
memp_init_pool           0x800'3f91     0x28  Code  Gb  memp.o [1]
memp_malloc              0x800'4001     0x28  Code  Gb  memp.o [1]
memp_memory_FRAG_PBUF_base
                        0x2001'64ac    0x16c  Data  Gb  memp.o [1]
memp_memory_PBUF_POOL_base
                        0x2001'32e4   0x2604  Data  Gb  memp.o [1]
memp_memory_PBUF_base   0x2001'62a8    0x204  Data  Gb  memp.o [1]
memp_memory_REASSDATA_base
                        0x2001'6708     0xa4  Data  Gb  memp.o [1]
memp_memory_SYS_TIMEOUT_base
                        0x2001'67ac     0xa4  Data  Gb  memp.o [1]
memp_memory_TCP_PCB_LISTEN_base
                        0x2001'69d8     0x74  Data  Gb  memp.o [1]
memp_memory_TCP_PCB_base
                        0x2001'5d28    0x2fc  Data  Gb  memp.o [1]
memp_memory_TCP_SEG_base
                        0x2001'6024    0x284  Data  Gb  memp.o [1]
memp_memory_UDP_PCB_base
                        0x2001'6850     0x84  Data  Gb  memp.o [1]
memp_pools               0x800'f3c8     0x24  Data  Gb  memp.o [1]
memp_tab_FRAG_PBUF      0x2001'6dac      0x4  Data  Lc  memp.o [1]
memp_tab_PBUF           0x2001'6db4      0x4  Data  Lc  memp.o [1]
memp_tab_PBUF_POOL      0x2001'6db8      0x4  Data  Lc  memp.o [1]
memp_tab_REASSDATA      0x2001'6da8      0x4  Data  Lc  memp.o [1]
memp_tab_SYS_TIMEOUT    0x2001'6db0      0x4  Data  Lc  memp.o [1]
memp_tab_TCP_PCB        0x2001'6d9c      0x4  Data  Lc  memp.o [1]
memp_tab_TCP_PCB_LISTEN
                        0x2001'6da0      0x4  Data  Lc  memp.o [1]
memp_tab_TCP_SEG        0x2001'6da4      0x4  Data  Lc  memp.o [1]
memp_tab_UDP_PCB        0x2001'6d98      0x4  Data  Lc  memp.o [1]
minutes_offset          0x2001'6d94      0x4  Data  Lc  local_time.o [1]
mons                     0x800'f788     0x88  Data  Lc  xlocale_c.o [2]
mos                      0x800'c600     0x18  Data  Lc  xttotm.o [2]
mos                      0x800'c79c     0x18  Data  Lc  xDaysTo.o [2]
ndigs                    0x800'faa0     0x28  Data  Lc  iar_Stoulx.o [2]
netif_add                0x800'6c53     0x88  Code  Gb  netif.o [1]
netif_default           0x2001'6d58      0x4  Data  Gb  netif.o [1]
netif_init               0x800'6c13     0x40  Code  Gb  netif.o [1]
netif_issue_reports      0x800'6da7     0x18  Code  Lc  netif.o [1]
netif_list              0x2001'6d54      0x4  Data  Gb  netif.o [1]
netif_loop_output        0x800'6e23     0x62  Code  Gb  netif.o [1]
netif_loop_output_ipv4   0x800'6e85      0x2  Code  Lc  netif.o [1]
netif_loopif_init        0x800'6bfd     0x16  Code  Lc  netif.o [1]
netif_num               0x2001'6d50      0x1  Data  Lc  netif.o [1]
netif_set_addr           0x800'6cdb     0x44  Code  Gb  netif.o [1]
netif_set_default        0x800'6d73      0x6  Code  Gb  netif.o [1]
netif_set_down           0x800'6dbf     0x26  Code  Gb  netif.o [1]
netif_set_gw             0x800'6d63      0x8  Code  Gb  netif.o [1]
netif_set_ipaddr         0x800'6d1f     0x44  Code  Gb  netif.o [1]
netif_set_link_callback
                         0x800'6e1d      0x6  Code  Gb  netif.o [1]
netif_set_link_up        0x800'6de5     0x30  Code  Gb  netif.o [1]
netif_set_netmask        0x800'6d6b      0x8  Code  Gb  netif.o [1]
netif_set_up             0x800'6d79     0x2e  Code  Gb  netif.o [1]
netmask                 0x2001'6ae8      0x4  Data  Gb  lwip.o [1]
next                    0x2001'6c10      0x4  Data  Gb  temperature.o [1]
next_data               0x2001'6d74      0x4  Data  Lc  networking.o [1]
next_timeout            0x2001'6d80      0x4  Data  Lc  timeouts.o [1]
obuf                    0x2001'6b40     0x50  Data  Lc  xfiles.o [2]
pbuf_alloc               0x800'16fd    0x1e4  Code  Gb  pbuf.o [1]
pbuf_alloced_custom      0x800'18f5     0x60  Code  Gb  pbuf.o [1]
pbuf_cat                 0x800'1bc1     0x6e  Code  Gb  pbuf.o [1]
pbuf_chain               0x800'1c35     0x10  Code  Gb  pbuf.o [1]
pbuf_clen                0x800'1b8d     0x12  Code  Gb  pbuf.o [1]
pbuf_copy                0x800'1c45    0x100  Code  Gb  pbuf.o [1]
pbuf_copy_partial        0x800'1d4b     0x84  Code  Gb  pbuf.o [1]
pbuf_free                0x800'1ad5     0xb8  Code  Gb  pbuf.o [1]
pbuf_free_ooseq          0x800'16d5     0x26  Code  Gb  pbuf.o [1]
pbuf_free_ooseq_pending
                        0x2001'6dd5      0x1  Data  Gb  pbuf.o [1]
pbuf_header              0x800'1acd      0x4  Code  Gb  pbuf.o [1]
pbuf_header_force        0x800'1ad1      0x4  Code  Gb  pbuf.o [1]
pbuf_header_impl         0x800'1a2d     0xa0  Code  Lc  pbuf.o [1]
pbuf_put_at              0x800'1f19     0x1c  Code  Gb  pbuf.o [1]
pbuf_realloc             0x800'1955     0xd2  Code  Gb  pbuf.o [1]
pbuf_ref                 0x800'1b9f     0x22  Code  Gb  pbuf.o [1]
pbuf_skip                0x800'1de5      0x2  Code  Gb  pbuf.o [1]
pbuf_skip_const          0x800'1dcf     0x16  Code  Lc  pbuf.o [1]
pbuf_take                0x800'1de7     0xac  Code  Gb  pbuf.o [1]
pbuf_take_at             0x800'1e99     0x54  Code  Gb  pbuf.o [1]
pbuf_try_get_at          0x800'1ef9     0x20  Code  Gb  pbuf.o [1]
perform_calculation      0x800'c1a9    0x1bc  Code  Gb  temperature.o [1]
plug_holes               0x800'42d5     0xae  Code  Lc  mem.o [1]
printf                   0x800'42ad     0x28  Code  Gb  printf.o [2]
putchar                  0x800'fd4d      0xc  Code  Gb  putchar.o [2]
ram                     0x2000'01d0      0x4  Data  Lc  mem.o [1]
ram_end                 0x2000'01d4      0x4  Data  Lc  mem.o [1]
ram_heap                0x2000'01dc  0x1001c  Data  Gb  mem.o [1]
rand                     0x800'a9dd     0x94  Code  Gb  rand.o [2]
read_temperature_data    0x800'bfff      0xe  Code  Gb  temperature.o [1]
reassdatagrams          0x2001'6d6c      0x4  Data  Lc  ip4_frag.o [1]
rec_border              0x2001'6c08      0x4  Data  Gb  temperature.o [1]
record_to_csv            0x800'c07f     0x56  Code  Gb  temperature.o [1]
recv_acked              0x2001'6c6e      0x2  Data  Lc  tcp_in.o [1]
recv_data               0x2001'6c84      0x4  Data  Lc  tcp_in.o [1]
recv_flags              0x2001'6c51      0x1  Data  Lc  tcp_in.o [1]
remaining_data          0x2001'6d70      0x2  Data  Gb  networking.o [1]
remove                   0x800'f8a7     0x14  Code  Gb  remove.o [5]
sFileInfo               0x2001'6958     0x80  Data  Lc  XShHandles.o [2]
scalbln                  0x800'7e99           Code  Gb  ldexp.o [3]
scalblnl                 0x800'7e99           Code  Gb  ldexp.o [3]
scalbn                   0x800'7e99           Code  Gb  ldexp.o [3]
scalbnl                  0x800'7e99           Code  Gb  ldexp.o [3]
scale                    0x800'56d3     0x46  Code  Lc  xprintffull.o [2]
sec_hand                0x2001'6dc8      0x4  Data  Lc  xfail_s.o [2]
send_data                0x800'dbd9      0xe  Code  Lc  networking.o [1]
sensor_i2c_handle       0x2001'6dc0      0x4  Data  Gb  temperature.o [1]
seqno                   0x2001'6c7c      0x4  Data  Lc  tcp_in.o [1]
server_recv              0x800'dbe9    0x106  Code  Lc  networking.o [1]
set_force_mode           0x800'c133     0x1a  Code  Gb  temperature.o [1]
set_i2c_handler          0x800'bfe9      0x8  Code  Gb  temperature.o [1]
set_time_offset          0x800'c3d1      0xa  Code  Gb  local_time.o [1]
sntp_dns_found           0x800'df1b      0xc  Code  Lc  sntp.o [1]
sntp_init                0x800'df6b     0x5e  Code  Gb  sntp.o [1]
sntp_opmode             0x2001'6d5c      0x1  Data  Lc  sntp.o [1]
sntp_pcb                0x2001'6d60      0x4  Data  Lc  sntp.o [1]
sntp_recv                0x800'de15     0xb8  Code  Lc  sntp.o [1]
sntp_request             0x800'df29     0x42  Code  Lc  sntp.o [1]
sntp_retry               0x800'dded     0x28  Code  Lc  sntp.o [1]
sntp_retry_timeout      0x2001'6d64      0x4  Data  Lc  sntp.o [1]
sntp_send_request        0x800'decd     0x4e  Code  Lc  sntp.o [1]
sntp_servers            0x2001'6d78      0x8  Data  Lc  sntp.o [1]
sntp_setoperatingmode    0x800'dfc9     0x38  Code  Gb  sntp.o [1]
sntp_setservername       0x800'e001      0x8  Code  Gb  sntp.o [1]
sprintf                  0x800'c465     0x40  Code  Gb  sprintf.o [2]
start                   0x2000'000c      0x4  Data  Lc  memory.o [1]
strchr                   0x800'7a4d           Code  Gb  strchr.o [4]
strcmp                   0x800'aaf5           Code  Gb  strcmp.o [4]
strftime                 0x800'c3fb     0x20  Code  Gb  strftime.o [2]
string_buffer           0x2001'6c00      0x4  Data  Gb  temperature.o [1]
stringify_single_record
                         0x800'c0d5     0x5e  Code  Gb  temperature.o [1]
strtol                   0x800'b595      0x4  Code  Gb  iar_Stolx.o [2]
sys_check_timeouts       0x800'423b     0x4c  Code  Gb  timeouts.o [1]
sys_now                  0x800'4dd5      0x4  Code  Gb  ethernetif.o [1]
sys_timeout              0x800'4167     0x92  Code  Gb  timeouts.o [1]
sys_timeouts_init        0x800'4141     0x26  Code  Gb  timeouts.o [1]
sys_untimeout            0x800'41f9     0x42  Code  Gb  timeouts.o [1]
tcp_abandon              0x800'2403     0xb8  Code  Gb  tcp.o [1]
tcp_abort                0x800'24bb      0x4  Code  Gb  tcp.o [1]
tcp_accept               0x800'2da1      0xc  Code  Gb  tcp.o [1]
tcp_accept_null          0x800'2551      0xe  Code  Lc  tcp.o [1]
tcp_active_pcbs         0x2000'0030      0x4  Data  Gb  tcp.o [1]
tcp_active_pcbs_changed
                        0x2000'0020      0x1  Data  Gb  tcp.o [1]
tcp_alloc                0x800'2c3d     0xe4  Code  Gb  tcp.o [1]
tcp_arg                  0x800'2d31      0x6  Code  Gb  tcp.o [1]
tcp_backoff              0x800'2ff8     0x10  Data  Lc  tcp.o [1]
tcp_bind                 0x800'24c1     0x90  Code  Gb  tcp.o [1]
tcp_bound_pcbs          0x2000'0028      0x4  Data  Gb  tcp.o [1]
tcp_close                0x800'23f1     0x12  Code  Gb  tcp.o [1]
tcp_close_shutdown       0x800'21f1    0x14c  Code  Lc  tcp.o [1]
tcp_close_shutdown_fin   0x800'233d     0x72  Code  Lc  tcp.o [1]
tcp_create_segment       0x800'30dd     0xb2  Code  Lc  tcp_out.o [1]
tcp_eff_send_mss_impl    0x800'2eb5     0x24  Code  Gb  tcp.o [1]
tcp_enqueue_flags        0x800'37e3    0x120  Code  Gb  tcp_out.o [1]
tcp_err                  0x800'2d7d     0x24  Code  Gb  tcp.o [1]
tcp_fasttmr              0x800'2a8f     0x5e  Code  Gb  tcp.o [1]
tcp_getoptbyte           0x800'13d1     0x26  Code  Lc  tcp_in.o [1]
tcp_init                 0x800'21d1      0x2  Code  Gb  tcp.o [1]
tcp_input                0x800'01ad    0x456  Code  Gb  tcp_in.o [1]
tcp_input_delayed_close
                         0x800'065d     0x3c  Code  Lc  tcp_in.o [1]
tcp_input_pcb           0x2001'6c88      0x4  Data  Gb  tcp_in.o [1]
tcp_keepalive            0x800'3da3     0x4c  Code  Gb  tcp_out.o [1]
tcp_kill_state           0x800'2bdd     0x54  Code  Lc  tcp.o [1]
tcp_listen_input         0x800'0699     0xea  Code  Lc  tcp_in.o [1]
tcp_listen_pcbs         0x2000'002c      0x4  Data  Gb  tcp.o [1]
tcp_listen_with_backlog
                         0x800'255f      0x2  Code  Gb  tcp.o [1]
tcp_listen_with_backlog_and_err
                         0x800'2561     0x98  Code  Gb  tcp.o [1]
tcp_netif_ip_addr_changed
                         0x800'2ef7     0x44  Code  Gb  tcp.o [1]
tcp_netif_ip_addr_changed_pcblist
                         0x800'2ed9     0x1e  Code  Lc  tcp.o [1]
tcp_new                  0x800'2d2b      0x2  Code  Gb  tcp.o [1]
tcp_new_port             0x800'26d1     0x4c  Code  Lc  tcp.o [1]
tcp_next_iss             0x800'2ea9      0xc  Code  Gb  tcp.o [1]
tcp_next_iss::iss       0x2000'0038      0x4  Data  Lc  tcp.o [1]
tcp_oos_insert_segment   0x800'0b49     0x66  Code  Lc  tcp_in.o [1]
tcp_optidx              0x2001'6c6c      0x2  Data  Lc  tcp_in.o [1]
tcp_output               0x800'3973    0x206  Code  Gb  tcp_out.o [1]
tcp_output_alloc_header
                         0x800'3011     0x88  Code  Lc  tcp_out.o [1]
tcp_output_segment       0x800'3b87     0x9c  Code  Lc  tcp_out.o [1]
tcp_parseopt             0x800'13f7     0x66  Code  Lc  tcp_in.o [1]
tcp_pbuf_prealloc        0x800'31a9     0x78  Code  Lc  tcp_out.o [1]
tcp_pcb_lists            0x800'271c     0x10  Data  Gb  tcp.o [1]
tcp_pcb_purge            0x800'2dd7     0x46  Code  Gb  tcp.o [1]
tcp_pcb_remove           0x800'2e1d     0x8c  Code  Gb  tcp.o [1]
tcp_persist_backoff      0x800'3008      0x8  Data  Lc  tcp.o [1]
tcp_poll                 0x800'2db1     0x26  Code  Gb  tcp.o [1]
tcp_port                0x2000'01cc      0x2  Data  Lc  tcp.o [1]
tcp_process              0x800'0785    0x378  Code  Lc  tcp_in.o [1]
tcp_process_refused_data
                         0x800'2af9     0x6a  Code  Gb  tcp.o [1]
tcp_receive              0x800'0bdd    0x77c  Code  Lc  tcp_in.o [1]
tcp_recv                 0x800'2d37     0x24  Code  Gb  tcp.o [1]
tcp_recv_null            0x800'2bb9     0x24  Code  Gb  tcp.o [1]
tcp_recved               0x800'2653     0x76  Code  Gb  tcp.o [1]
tcp_rexmit               0x800'3d0b     0x4a  Code  Gb  tcp_out.o [1]
tcp_rexmit_fast          0x800'3d55     0x4e  Code  Gb  tcp_out.o [1]
tcp_rexmit_rto           0x800'3cd1     0x3a  Code  Gb  tcp_out.o [1]
tcp_rst                  0x800'3c2b     0x9a  Code  Gb  tcp_out.o [1]
tcp_seg_copy             0x800'2b95     0x24  Code  Gb  tcp.o [1]
tcp_seg_free             0x800'2b75     0x1c  Code  Gb  tcp.o [1]
tcp_segs_free            0x800'2b63     0x12  Code  Gb  tcp.o [1]
tcp_send_empty_ack       0x800'3909     0x6a  Code  Gb  tcp_out.o [1]
tcp_send_fin             0x800'3099     0x44  Code  Gb  tcp_out.o [1]
tcp_sent                 0x800'2d5b     0x22  Code  Gb  tcp.o [1]
tcp_server_accept        0x800'dcf5     0x2a  Code  Lc  networking.o [1]
tcp_server_init          0x800'dd21     0x42  Code  Gb  networking.o [1]
tcp_setprio              0x800'2b91      0x4  Code  Gb  tcp.o [1]
tcp_slowtmr              0x800'2753    0x336  Code  Gb  tcp.o [1]
tcp_ticks               0x2000'0024      0x4  Data  Gb  tcp.o [1]
tcp_timer               0x2001'6dd6      0x1  Data  Lc  tcp.o [1]
tcp_timer_ctr           0x2000'0021      0x1  Data  Lc  tcp.o [1]
tcp_timer_needed         0x800'4109     0x24  Code  Gb  timeouts.o [1]
tcp_tmr                  0x800'21d3     0x1c  Code  Gb  tcp.o [1]
tcp_trigger_input_pcb_close
                         0x800'145d      0xc  Code  Gb  tcp_in.o [1]
tcp_tw_pcbs             0x2000'0034      0x4  Data  Gb  tcp.o [1]
tcp_update_rcv_ann_wnd   0x800'2603     0x50  Code  Gb  tcp.o [1]
tcp_write                0x800'3221    0x5ae  Code  Gb  tcp_out.o [1]
tcp_zero_window_probe    0x800'3def     0xac  Code  Gb  tcp_out.o [1]
tcphdr                  0x2001'6c74      0x4  Data  Lc  tcp_in.o [1]
tcphdr_opt1len          0x2001'6c6a      0x2  Data  Lc  tcp_in.o [1]
tcphdr_opt2             0x2001'6c78      0x4  Data  Lc  tcp_in.o [1]
tcphdr_optlen           0x2001'6c68      0x2  Data  Lc  tcp_in.o [1]
tcpip_tcp_timer          0x800'40e1     0x28  Code  Lc  timeouts.o [1]
tcpip_tcp_timer_active  0x2001'6dc4      0x4  Data  Lc  timeouts.o [1]
tcplen                  0x2001'6c70      0x2  Data  Lc  tcp_in.o [1]
temp_set_flag            0x800'c14d      0x8  Code  Gb  temperature.o [1]
time                     0x800'c50d      0x4  Code  Gb  time_trampoline.o [2]
timeouts_last_time      0x2001'6d84      0x4  Data  Lc  timeouts.o [1]
timestamp_conv_local     0x800'c3c9      0x8  Code  Gb  local_time.o [1]
tolower                  0x800'b6f1     0x14  Code  Gb  tolower.o [2]
ttio_guard              0x2001'6dd7      0x1  Data  Lc  XShttio.o [2]
udp_bind                 0x800'68cb     0x9a  Code  Gb  udp.o [1]
udp_connect              0x800'6965     0x4e  Code  Gb  udp.o [1]
udp_init                 0x800'6671      0x2  Code  Gb  udp.o [1]
udp_input                0x800'6673    0x12c  Code  Gb  udp.o [1]
udp_netif_ip_addr_changed
                         0x800'69fd     0x30  Code  Gb  udp.o [1]
udp_new                  0x800'69e1     0x1a  Code  Gb  udp.o [1]
udp_new_ip_type          0x800'69fb      0x2  Code  Gb  udp.o [1]
udp_pcbs                0x2000'0040      0x4  Data  Gb  udp.o [1]
udp_port                0x2000'003c      0x2  Data  Lc  udp.o [1]
udp_recv                 0x800'69b3      0x6  Code  Gb  udp.o [1]
udp_remove               0x800'69b9     0x28  Code  Gb  udp.o [1]
udp_sendto               0x800'679f     0x34  Code  Gb  udp.o [1]
udp_sendto_if            0x800'67d3     0x3a  Code  Gb  udp.o [1]
udp_sendto_if_src        0x800'680d     0xbe  Code  Gb  udp.o [1]
update_records           0x800'c171     0x38  Code  Gb  temperature.o [1]
uwTick                  0x2000'0014      0x4  Data  Gb  stm32f4xx_hal.o [1]
uwTickFreq              0x2000'0010      0x1  Data  Gb  stm32f4xx_hal.o [1]
uwTickPrio              0x2000'0018      0x4  Data  Gb  stm32f4xx_hal.o [1]
wkyr                     0x800'ad4b     0x1a  Code  Lc  xgentime.o [2]
write_temperature_data   0x800'bff1      0xe  Code  Gb  temperature.o [1]


[1] = D:\STM32\IUS\IUS\EWARM\IUS\Obj
[2] = dl7M_tlf.a
[3] = m7M_tls.a
[4] = rt7M_tl.a
[5] = shb_l.a

  57 647 bytes of readonly  code memory
   7 825 bytes of readonly  data memory
  95 190 bytes of readwrite data memory

Errors: none
Warnings: none
